Archive member included because of file (symbol)

C:\Users\Nandi\AppData\Local\V.Micro\Arduino\Builds\sharpmem\Arduino_STM32_mapleMini/core.a(exc.S.o)
                              (__exc_hardfault)
C:\Users\Nandi\AppData\Local\V.Micro\Arduino\Builds\sharpmem\Arduino_STM32_mapleMini/core.a(isrs.S.o)
                              (__stm32reservedexception7)
C:\Users\Nandi\AppData\Local\V.Micro\Arduino\Builds\sharpmem\Arduino_STM32_mapleMini/core.a(vector_table.S.o)
                              (__stm32_vector_table)
C:\Users\Nandi\AppData\Local\V.Micro\Arduino\Builds\sharpmem\Arduino_STM32_mapleMini/core.a(dma.c.o)
                              C:\Users\Nandi\AppData\Local\V.Micro\Arduino\Builds\sharpmem\Arduino_STM32_mapleMini\SPI\SPI.cpp.o (dma_init)
C:\Users\Nandi\AppData\Local\V.Micro\Arduino\Builds\sharpmem\Arduino_STM32_mapleMini/core.a(dma_f1.c.o)
                              C:\Users\Nandi\AppData\Local\V.Micro\Arduino\Builds\sharpmem\Arduino_STM32_mapleMini\SPI\SPI.cpp.o (dma_set_num_transfers)
C:\Users\Nandi\AppData\Local\V.Micro\Arduino\Builds\sharpmem\Arduino_STM32_mapleMini/core.a(rcc.c.o)
                              C:\Users\Nandi\AppData\Local\V.Micro\Arduino\Builds\sharpmem\Arduino_STM32_mapleMini\SPI\SPI.cpp.o (rcc_dev_clk)
C:\Users\Nandi\AppData\Local\V.Micro\Arduino\Builds\sharpmem\Arduino_STM32_mapleMini/core.a(rcc_f1.c.o)
                              C:\Users\Nandi\AppData\Local\V.Micro\Arduino\Builds\sharpmem\Arduino_STM32_mapleMini/core.a(dma.c.o) (rcc_clk_enable)
C:\Users\Nandi\AppData\Local\V.Micro\Arduino\Builds\sharpmem\Arduino_STM32_mapleMini/core.a(spi.c.o)
                              C:\Users\Nandi\AppData\Local\V.Micro\Arduino\Builds\sharpmem\Arduino_STM32_mapleMini\SPI\SPI.cpp.o (spi_init)
C:\Users\Nandi\AppData\Local\V.Micro\Arduino\Builds\sharpmem\Arduino_STM32_mapleMini/core.a(spi_f1.c.o)
                              C:\Users\Nandi\AppData\Local\V.Micro\Arduino\Builds\sharpmem\Arduino_STM32_mapleMini\SPI\SPI.cpp.o (spi_config_gpios)
C:\Users\Nandi\AppData\Local\V.Micro\Arduino\Builds\sharpmem\Arduino_STM32_mapleMini/core.a(systick.c.o)
                              C:\Users\Nandi\AppData\Local\V.Micro\Arduino\Builds\sharpmem\Arduino_STM32_mapleMini\sharpmem.cpp.o (systick_uptime_millis)
C:\Users\Nandi\AppData\Local\V.Micro\Arduino\Builds\sharpmem\Arduino_STM32_mapleMini/core.a(timer.c.o)
                              C:\Users\Nandi\AppData\Local\V.Micro\Arduino\Builds\sharpmem\Arduino_STM32_mapleMini\SPI\SPI.cpp.o (timer_set_mode)
C:\Users\Nandi\AppData\Local\V.Micro\Arduino\Builds\sharpmem\Arduino_STM32_mapleMini/core.a(util.c.o)
                              C:\Users\Nandi\AppData\Local\V.Micro\Arduino\Builds\sharpmem\Arduino_STM32_mapleMini/core.a(exc.S.o) (__error)
C:\Users\Nandi\AppData\Local\V.Micro\Arduino\Builds\sharpmem\Arduino_STM32_mapleMini/core.a(cxxabi-compat.cpp.o)
                              C:\Users\Nandi\AppData\Local\V.Micro\Arduino\Builds\sharpmem\Arduino_STM32_mapleMini\Adafruit-GFX-Library-master\Adafruit_GFX.cpp.o (__cxa_pure_virtual)
C:\Users\Nandi\AppData\Local\V.Micro\Arduino\Builds\sharpmem\Arduino_STM32_mapleMini/core.a(main.cpp.o)
                              (main)
C:\Users\Nandi\AppData\Local\V.Micro\Arduino\Builds\sharpmem\Arduino_STM32_mapleMini/core.a(Print.cpp.o)
                              C:\Users\Nandi\AppData\Local\V.Micro\Arduino\Builds\sharpmem\Arduino_STM32_mapleMini\Adafruit-GFX-Library-master\Adafruit_GFX.cpp.o (Print::write(char const*))
C:\Users\Nandi\AppData\Local\V.Micro\Arduino\Builds\sharpmem\Arduino_STM32_mapleMini/core.a(usb_serial.cpp.o)
                              C:\Users\Nandi\AppData\Local\V.Micro\Arduino\Builds\sharpmem\Arduino_STM32_mapleMini\sharpmem.cpp.o (USBSerial::begin(unsigned long))
C:\Users\Nandi\AppData\Local\V.Micro\Arduino\Builds\sharpmem\Arduino_STM32_mapleMini/core.a(wirish_digital.cpp.o)
                              C:\Users\Nandi\AppData\Local\V.Micro\Arduino\Builds\sharpmem\Arduino_STM32_mapleMini\SharpMemSTM32.cpp.o (digitalWrite(unsigned char, unsigned char))
C:\Users\Nandi\AppData\Local\V.Micro\Arduino\Builds\sharpmem\Arduino_STM32_mapleMini/core.a(wirish_time.cpp.o)
                              C:\Users\Nandi\AppData\Local\V.Micro\Arduino\Builds\sharpmem\Arduino_STM32_mapleMini\SharpMemSTM32.cpp.o (delayMicroseconds(unsigned long))
C:\Users\Nandi\AppData\Local\V.Micro\Arduino\Builds\sharpmem\Arduino_STM32_mapleMini/core.a(wirish_digital_f1.cpp.o)
                              C:\Users\Nandi\AppData\Local\V.Micro\Arduino\Builds\sharpmem\Arduino_STM32_mapleMini\SharpMemSTM32.cpp.o (pinMode(unsigned char, WiringPinMode))
C:\Users\Nandi\AppData\Local\V.Micro\Arduino\Builds\sharpmem\Arduino_STM32_mapleMini/core.a(start.S.o)
                              (__start__)
C:\Users\Nandi\AppData\Local\V.Micro\Arduino\Builds\sharpmem\Arduino_STM32_mapleMini/core.a(start_c.c.o)
                              (start_c)
[...]
Memory Configuration

Name             Origin             Length             Attributes
ram              0x20000c00         0x00004400         xrw
rom              0x08005000         0x0001b000         xr
*default*        0x00000000         0xffffffff

Linker script and memory map

LOAD c:/users/nandi/appdata/roaming/arduino15/packages/arduino/tools/arm-none-eabi-gcc/4.8.3-2014q1/bin/../lib/gcc/arm-none-eabi/4.8.3/armv7-m/crti.o
LOAD c:/users/nandi/appdata/roaming/arduino15/packages/arduino/tools/arm-none-eabi-gcc/4.8.3-2014q1/bin/../lib/gcc/arm-none-eabi/4.8.3/armv7-m/crtbegin.o
LOAD c:/users/nandi/appdata/roaming/arduino15/packages/arduino/tools/arm-none-eabi-gcc/4.8.3-2014q1/bin/../lib/gcc/arm-none-eabi/4.8.3/../../../../arm-none-eabi/lib/armv7-m/crt0.o
LOAD c:/users/nandi/appdata/roaming/arduino15/packages/arduino/tools/arm-none-eabi-gcc/4.8.3-2014q1/bin/../lib/gcc/arm-none-eabi/4.8.3/armv7-m\libgcc.a
START GROUP
LOAD C:\Users\Nandi\AppData\Local\V.Micro\Arduino\Builds\sharpmem\Arduino_STM32_mapleMini\sharpmem.cpp.o
LOAD C:\Users\Nandi\AppData\Local\V.Micro\Arduino\Builds\sharpmem\Arduino_STM32_mapleMini\SPI\SPI.cpp.o
LOAD C:\Users\Nandi\AppData\Local\V.Micro\Arduino\Builds\sharpmem\Arduino_STM32_mapleMini\Adafruit-GFX-Library-master\glcdfont.c.o
LOAD C:\Users\Nandi\AppData\Local\V.Micro\Arduino\Builds\sharpmem\Arduino_STM32_mapleMini\Adafruit-GFX-Library-master\Adafruit_GFX.cpp.o
LOAD C:\Users\Nandi\AppData\Local\V.Micro\Arduino\Builds\sharpmem\Arduino_STM32_mapleMini\SharpMemSTM32.cpp.o
LOAD C:\Users\Nandi\AppData\Local\V.Micro\Arduino\Builds\sharpmem\Arduino_STM32_mapleMini/core.a
END GROUP
LOAD c:/users/nandi/appdata/roaming/arduino15/packages/arduino/tools/arm-none-eabi-gcc/4.8.3-2014q1/bin/../lib/gcc/arm-none-eabi/4.8.3/../../../../arm-none-eabi/lib/armv7-m\libstdc++.a
LOAD c:/users/nandi/appdata/roaming/arduino15/packages/arduino/tools/arm-none-eabi-gcc/4.8.3-2014q1/bin/../lib/gcc/arm-none-eabi/4.8.3/../../../../arm-none-eabi/lib/armv7-m\libm.a
START GROUP
LOAD c:/users/nandi/appdata/roaming/arduino15/packages/arduino/tools/arm-none-eabi-gcc/4.8.3-2014q1/bin/../lib/gcc/arm-none-eabi/4.8.3/armv7-m\libgcc.a
LOAD c:/users/nandi/appdata/roaming/arduino15/packages/arduino/tools/arm-none-eabi-gcc/4.8.3-2014q1/bin/../lib/gcc/arm-none-eabi/4.8.3/../../../../arm-none-eabi/lib/armv7-m\libc.a
END GROUP
LOAD c:/users/nandi/appdata/roaming/arduino15/packages/arduino/tools/arm-none-eabi-gcc/4.8.3-2014q1/bin/../lib/gcc/arm-none-eabi/4.8.3/armv7-m/crtend.o
LOAD c:/users/nandi/appdata/roaming/arduino15/packages/arduino/tools/arm-none-eabi-gcc/4.8.3-2014q1/bin/../lib/gcc/arm-none-eabi/4.8.3/armv7-m/crtn.o
START GROUP
LOAD c:/users/nandi/appdata/roaming/arduino15/packages/arduino/tools/arm-none-eabi-gcc/4.8.3-2014q1/bin/../lib/gcc/arm-none-eabi/4.8.3/armv7-m\libgcc.a
LOAD c:/users/nandi/appdata/roaming/arduino15/packages/arduino/tools/arm-none-eabi-gcc/4.8.3-2014q1/bin/../lib/gcc/arm-none-eabi/4.8.3/../../../../arm-none-eabi/lib/armv7-m\libc.a
LOAD c:/users/nandi/appdata/roaming/arduino15/packages/arduino/tools/arm-none-eabi-gcc/4.8.3-2014q1/bin/../lib/gcc/arm-none-eabi/4.8.3/../../../../arm-none-eabi/lib/armv7-m\libm.a
END GROUP
START GROUP
LOAD c:/users/nandi/appdata/roaming/arduino15/packages/arduino/tools/arm-none-eabi-gcc/4.8.3-2014q1/bin/../lib/gcc/arm-none-eabi/4.8.3/../../../../arm-none-eabi/lib/armv7-m\libnosys.a
END GROUP
                0x20005000                PROVIDE (__msp_init, (ORIGIN (ram) + 0x4400))
                0x0800689c                PROVIDE (__exc_reset, __start__)

.text           0x08005000     0x488c
                0x08005000                __text_start__ = .
 *(.stm32.interrupt_vector)
 .stm32.interrupt_vector
                0x08005000       0xec C:\Users\Nandi\AppData\Local\V.Micro\Arduino\Builds\sharpmem\Arduino_STM32_mapleMini/core.a(vector_table.S.o)
                0x08005000                __stm32_vector_table
 *(.text .text.* .gnu.linkonce.t.*)
 .text          0x080050ec       0x54 c:/users/nandi/appdata/roaming/arduino15/packages/arduino/tools/arm-none-eabi-gcc/4.8.3-2014q1/bin/../lib/gcc/arm-none-eabi/4.8.3/armv7-m/crtbegin.o
 .text._Z5setupv
                0x08005140       0x78 C:\Users\Nandi\AppData\Local\V.Micro\Arduino\Builds\sharpmem\Arduino_STM32_mapleMini\sharpmem.cpp.o
                0x08005140                setup()
 .text._Z4loopv
                0x080051b8      0x180 C:\Users\Nandi\AppData\Local\V.Micro\Arduino\Builds\sharpmem\Arduino_STM32_mapleMini\sharpmem.cpp.o
                0x080051b8                loop()
 .text.startup._GLOBAL__sub_I_display
                0x08005338       0x34 C:\Users\Nandi\AppData\Local\V.Micro\Arduino\Builds\sharpmem\Arduino_STM32_mapleMini\sharpmem.cpp.o
 .text._ZL11disable_pwmPK14stm32_pin_info
                0x0800536c       0x10 C:\Users\Nandi\AppData\Local\V.Micro\Arduino\Builds\sharpmem\Arduino_STM32_mapleMini\SPI\SPI.cpp.o
 .text._ZL15dev_to_spi_pinsP7spi_dev.isra.8
                0x0800537c       0x1c C:\Users\Nandi\AppData\Local\V.Micro\Arduino\Builds\sharpmem\Arduino_STM32_mapleMini\SPI\SPI.cpp.o
 .text._ZL15configure_gpiosP7spi_devb
                0x08005398       0x84 C:\Users\Nandi\AppData\Local\V.Micro\Arduino\Builds\sharpmem\Arduino_STM32_mapleMini\SPI\SPI.cpp.o
 .text._ZL19determine_baud_rateP7spi_devm.isra.9
                0x0800541c       0x3c C:\Users\Nandi\AppData\Local\V.Micro\Arduino\Builds\sharpmem\Arduino_STM32_mapleMini\SPI\SPI.cpp.o
 .text._ZN8SPIClassC2Em
                0x08005458       0x88 C:\Users\Nandi\AppData\Local\V.Micro\Arduino\Builds\sharpmem\Arduino_STM32_mapleMini\SPI\SPI.cpp.o
                0x08005458                SPIClass::SPIClass(unsigned long)
                0x08005458                SPIClass::SPIClass(unsigned long)
 .text._ZN8SPIClass5beginEv
                0x080054e0       0x36 C:\Users\Nandi\AppData\Local\V.Micro\Arduino\Builds\sharpmem\Arduino_STM32_mapleMini\SPI\SPI.cpp.o
                0x080054e0                SPIClass::begin()
 .text._ZN8SPIClass15setClockDividerEm
                0x08005516        0x8 C:\Users\Nandi\AppData\Local\V.Micro\Arduino\Builds\sharpmem\Arduino_STM32_mapleMini\SPI\SPI.cpp.o
                0x08005516                SPIClass::setClockDivider(unsigned long)
 .text._ZN8SPIClass11setBitOrderE8BitOrder
                0x0800551e        0x8 C:\Users\Nandi\AppData\Local\V.Micro\Arduino\Builds\sharpmem\Arduino_STM32_mapleMini\SPI\SPI.cpp.o
                0x0800551e                SPIClass::setBitOrder(BitOrder)
 .text._ZN8SPIClass11setDataSizeEm
                0x08005526       0x16 C:\Users\Nandi\AppData\Local\V.Micro\Arduino\Builds\sharpmem\Arduino_STM32_mapleMini\SPI\SPI.cpp.o
                0x08005526                SPIClass::setDataSize(unsigned long)
 .text._ZN8SPIClass11setDataModeEh
                0x0800553c        0x8 C:\Users\Nandi\AppData\Local\V.Micro\Arduino\Builds\sharpmem\Arduino_STM32_mapleMini\SPI\SPI.cpp.o
                0x0800553c                SPIClass::setDataMode(unsigned char)
 .text._ZN8SPIClass5writeEPKhm
                0x08005544       0x30 C:\Users\Nandi\AppData\Local\V.Micro\Arduino\Builds\sharpmem\Arduino_STM32_mapleMini\SPI\SPI.cpp.o
                0x08005544                SPIClass::write(unsigned char const*, unsigned long)
 .text._ZNK8SPIClass8transferEh
                0x08005574       0x20 C:\Users\Nandi\AppData\Local\V.Micro\Arduino\Builds\sharpmem\Arduino_STM32_mapleMini\SPI\SPI.cpp.o
                0x08005574                SPIClass::transfer(unsigned char) const
 .text.startup._GLOBAL__sub_I__ZN8SPIClassC2Em
                0x08005594        0xc C:\Users\Nandi\AppData\Local\V.Micro\Arduino\Builds\sharpmem\Arduino_STM32_mapleMini\SPI\SPI.cpp.o
 .text._ZN12Adafruit_GFX8drawLineEsssst
                0x080055a0       0xc8 C:\Users\Nandi\AppData\Local\V.Micro\Arduino\Builds\sharpmem\Arduino_STM32_mapleMini\Adafruit-GFX-Library-master\Adafruit_GFX.cpp.o
                0x080055a0                Adafruit_GFX::drawLine(short, short, short, short, unsigned short)
 .text._ZN12Adafruit_GFX8drawRectEsssst
                0x08005668       0x5e C:\Users\Nandi\AppData\Local\V.Micro\Arduino\Builds\sharpmem\Arduino_STM32_mapleMini\Adafruit-GFX-Library-master\Adafruit_GFX.cpp.o
                0x08005668                Adafruit_GFX::drawRect(short, short, short, short, unsigned short)
 .text._ZN12Adafruit_GFX13drawFastVLineEssst
                0x080056c6       0x1c C:\Users\Nandi\AppData\Local\V.Micro\Arduino\Builds\sharpmem\Arduino_STM32_mapleMini\Adafruit-GFX-Library-master\Adafruit_GFX.cpp.o
                0x080056c6                Adafruit_GFX::drawFastVLine(short, short, short, unsigned short)
 .text._ZN12Adafruit_GFX13drawFastHLineEssst
                0x080056e2       0x1a C:\Users\Nandi\AppData\Local\V.Micro\Arduino\Builds\sharpmem\Arduino_STM32_mapleMini\Adafruit-GFX-Library-master\Adafruit_GFX.cpp.o
                0x080056e2                Adafruit_GFX::drawFastHLine(short, short, short, unsigned short)
 .text._ZN12Adafruit_GFX8fillRectEsssst
                0x080056fc       0x3c C:\Users\Nandi\AppData\Local\V.Micro\Arduino\Builds\sharpmem\Arduino_STM32_mapleMini\Adafruit-GFX-Library-master\Adafruit_GFX.cpp.o
                0x080056fc                Adafruit_GFX::fillRect(short, short, short, short, unsigned short)
 .text._ZN12Adafruit_GFX10fillScreenEt
                0x08005738       0x1c C:\Users\Nandi\AppData\Local\V.Micro\Arduino\Builds\sharpmem\Arduino_STM32_mapleMini\Adafruit-GFX-Library-master\Adafruit_GFX.cpp.o
                0x08005738                Adafruit_GFX::fillScreen(unsigned short)
 .text._ZN12Adafruit_GFX13invertDisplayEb
                0x08005754        0x2 C:\Users\Nandi\AppData\Local\V.Micro\Arduino\Builds\sharpmem\Arduino_STM32_mapleMini\Adafruit-GFX-Library-master\Adafruit_GFX.cpp.o
                0x08005754                Adafruit_GFX::invertDisplay(bool)
 *fill*         0x08005756        0x2 
 .text._ZN12Adafruit_GFXC2Ess
                0x08005758       0x30 C:\Users\Nandi\AppData\Local\V.Micro\Arduino\Builds\sharpmem\Arduino_STM32_mapleMini\Adafruit-GFX-Library-master\Adafruit_GFX.cpp.o
                0x08005758                Adafruit_GFX::Adafruit_GFX(short, short)
                0x08005758                Adafruit_GFX::Adafruit_GFX(short, short)
 .text._ZN12Adafruit_GFX16fillCircleHelperEssshst
                0x08005788      0x14c C:\Users\Nandi\AppData\Local\V.Micro\Arduino\Builds\sharpmem\Arduino_STM32_mapleMini\Adafruit-GFX-Library-master\Adafruit_GFX.cpp.o
                0x08005788                Adafruit_GFX::fillCircleHelper(short, short, short, unsigned char, short, unsigned short)
 .text._ZN12Adafruit_GFX10fillCircleEssst
                0x080058d4       0x46 C:\Users\Nandi\AppData\Local\V.Micro\Arduino\Builds\sharpmem\Arduino_STM32_mapleMini\Adafruit-GFX-Library-master\Adafruit_GFX.cpp.o
                0x080058d4                Adafruit_GFX::fillCircle(short, short, short, unsigned short)
 *fill*         0x0800591a        0x2 
 .text._ZN12Adafruit_GFX8drawCharEsshtth
                0x0800591c      0x140 C:\Users\Nandi\AppData\Local\V.Micro\Arduino\Builds\sharpmem\Arduino_STM32_mapleMini\Adafruit-GFX-Library-master\Adafruit_GFX.cpp.o
                0x0800591c                Adafruit_GFX::drawChar(short, short, unsigned char, unsigned short, unsigned short, unsigned char)
 .text._ZN12Adafruit_GFX5writeEh
                0x08005a5c       0x6a C:\Users\Nandi\AppData\Local\V.Micro\Arduino\Builds\sharpmem\Arduino_STM32_mapleMini\Adafruit-GFX-Library-master\Adafruit_GFX.cpp.o
                0x08005a5c                Adafruit_GFX::write(unsigned char)
 .text._ZN12Adafruit_GFX9setCursorEss
                0x08005ac6        0x6 C:\Users\Nandi\AppData\Local\V.Micro\Arduino\Builds\sharpmem\Arduino_STM32_mapleMini\Adafruit-GFX-Library-master\Adafruit_GFX.cpp.o
                0x08005ac6                Adafruit_GFX::setCursor(short, short)
 .text._ZN12Adafruit_GFX11setTextSizeEh
                0x08005acc        0xa C:\Users\Nandi\AppData\Local\V.Micro\Arduino\Builds\sharpmem\Arduino_STM32_mapleMini\Adafruit-GFX-Library-master\Adafruit_GFX.cpp.o
                0x08005acc                Adafruit_GFX::setTextSize(unsigned char)
 .text._ZN12Adafruit_GFX12setTextColorEt
                0x08005ad6        0x6 C:\Users\Nandi\AppData\Local\V.Micro\Arduino\Builds\sharpmem\Arduino_STM32_mapleMini\Adafruit-GFX-Library-master\Adafruit_GFX.cpp.o
                0x08005ad6                Adafruit_GFX::setTextColor(unsigned short)
 .text._ZN8SharpMem9drawPixelEsst
                0x08005adc       0x58 C:\Users\Nandi\AppData\Local\V.Micro\Arduino\Builds\sharpmem\Arduino_STM32_mapleMini\SharpMemSTM32.cpp.o
                0x08005adc                SharpMem::drawPixel(short, short, unsigned short)
 .text._ZN8SharpMemC2Ehhh
                0x08005b34       0x8c C:\Users\Nandi\AppData\Local\V.Micro\Arduino\Builds\sharpmem\Arduino_STM32_mapleMini\SharpMemSTM32.cpp.o
                0x08005b34                SharpMem::SharpMem(unsigned char, unsigned char, unsigned char)
                0x08005b34                SharpMem::SharpMem(unsigned char, unsigned char, unsigned char)
 .text._ZN8SharpMem5beginEv
                0x08005bc0       0x44 C:\Users\Nandi\AppData\Local\V.Micro\Arduino\Builds\sharpmem\Arduino_STM32_mapleMini\SharpMemSTM32.cpp.o
                0x08005bc0                SharpMem::begin()
 .text._ZN8SharpMem11clearBufferEv
                0x08005c04       0x10 C:\Users\Nandi\AppData\Local\V.Micro\Arduino\Builds\sharpmem\Arduino_STM32_mapleMini\SharpMemSTM32.cpp.o
                0x08005c04                SharpMem::clearBuffer()
 .text._ZN8SharpMem15reverseBitOrderEh
                0x08005c14       0x26 C:\Users\Nandi\AppData\Local\V.Micro\Arduino\Builds\sharpmem\Arduino_STM32_mapleMini\SharpMemSTM32.cpp.o
                0x08005c14                SharpMem::reverseBitOrder(unsigned char)
 *fill*         0x08005c3a        0x2 
 .text._ZN8SharpMem7refreshEv
                0x08005c3c       0xa4 C:\Users\Nandi\AppData\Local\V.Micro\Arduino\Builds\sharpmem\Arduino_STM32_mapleMini\SharpMemSTM32.cpp.o
                0x08005c3c                SharpMem::refresh()
 .text          0x08005ce0       0x60 C:\Users\Nandi\AppData\Local\V.Micro\Arduino\Builds\sharpmem\Arduino_STM32_mapleMini/core.a(exc.S.o)
                0x08005ce0                __exc_nmi
                0x08005ce4                __exc_hardfault
                0x08005ce8                __exc_memmanage
                0x08005cec                __exc_busfault
                0x08005cf0                __exc_usagefault
 .text          0x08005d40        0x2 C:\Users\Nandi\AppData\Local\V.Micro\Arduino\Builds\sharpmem\Arduino_STM32_mapleMini/core.a(isrs.S.o)
                0x08005d40                __stm32reservedexception9
                0x08005d40                __irq_i2c2_er
                0x08005d40                __irq_i2c1_er
                0x08005d40                __exc_debug_monitor
                0x08005d40                __exc_svc
                0x08005d40                __irq_adc
                0x08005d40                __irq_exti0
                0x08005d40                __irq_can_rx1
                0x08005d40                __irq_spi2
                0x08005d40                __irq_can_sce
                0x08005d40                __irq_exti2
                0x08005d40                __irq_exti3
                0x08005d40                __irq_exti9_5
                0x08005d40                __irq_pvd
                0x08005d40                __irq_tamper
                0x08005d40                __default_handler
                0x08005d40                __irq_wwdg
                0x08005d40                __stm32reservedexception10
                0x08005d40                __irq_flash
                0x08005d40                __irq_i2c2_ev
                0x08005d40                __stm32reservedexception13
                0x08005d40                __irq_rtc
                0x08005d40                __irq_spi1
                0x08005d40                __stm32reservedexception7
                0x08005d40                __irq_usb_hp_can_tx
                0x08005d40                __irq_exti15_10
                0x08005d40                __irq_exti4
                0x08005d40                __irq_rtcalarm
                0x08005d40                __stm32reservedexception8
                0x08005d40                __exc_pendsv
                0x08005d40                __irq_i2c1_ev
                0x08005d40                __irq_usbwakeup
                0x08005d40                __irq_exti1
                0x08005d40                __irq_rcc
 *fill*         0x08005d42        0x2 
 .text.__irq_dma1_channel1
                0x08005d44       0x18 C:\Users\Nandi\AppData\Local\V.Micro\Arduino\Builds\sharpmem\Arduino_STM32_mapleMini/core.a(dma_f1.c.o)
                0x08005d44                __irq_dma1_channel1
 .text.__irq_dma1_channel2
                0x08005d5c       0x18 C:\Users\Nandi\AppData\Local\V.Micro\Arduino\Builds\sharpmem\Arduino_STM32_mapleMini/core.a(dma_f1.c.o)
                0x08005d5c                __irq_dma1_channel2
 .text.__irq_dma1_channel3
                0x08005d74       0x1c C:\Users\Nandi\AppData\Local\V.Micro\Arduino\Builds\sharpmem\Arduino_STM32_mapleMini/core.a(dma_f1.c.o)
                0x08005d74                __irq_dma1_channel3
 .text.__irq_dma1_channel4
                0x08005d90       0x1c C:\Users\Nandi\AppData\Local\V.Micro\Arduino\Builds\sharpmem\Arduino_STM32_mapleMini/core.a(dma_f1.c.o)
                0x08005d90                __irq_dma1_channel4
 .text.__irq_dma1_channel5
                0x08005dac       0x1c C:\Users\Nandi\AppData\Local\V.Micro\Arduino\Builds\sharpmem\Arduino_STM32_mapleMini/core.a(dma_f1.c.o)
                0x08005dac                __irq_dma1_channel5
 .text.__irq_dma1_channel6
                0x08005dc8       0x1c C:\Users\Nandi\AppData\Local\V.Micro\Arduino\Builds\sharpmem\Arduino_STM32_mapleMini/core.a(dma_f1.c.o)
                0x08005dc8                __irq_dma1_channel6
 .text.__irq_dma1_channel7
                0x08005de4       0x1c C:\Users\Nandi\AppData\Local\V.Micro\Arduino\Builds\sharpmem\Arduino_STM32_mapleMini/core.a(dma_f1.c.o)
                0x08005de4                __irq_dma1_channel7
 .text.rcc_dev_clk
                0x08005e00        0xc C:\Users\Nandi\AppData\Local\V.Micro\Arduino\Builds\sharpmem\Arduino_STM32_mapleMini/core.a(rcc.c.o)
                0x08005e00                rcc_dev_clk
 .text.rcc_switch_sysclk
                0x08005e0c       0x20 C:\Users\Nandi\AppData\Local\V.Micro\Arduino\Builds\sharpmem\Arduino_STM32_mapleMini/core.a(rcc.c.o)
                0x08005e0c                rcc_switch_sysclk
 .text.rcc_turn_on_clk
                0x08005e2c       0x1a C:\Users\Nandi\AppData\Local\V.Micro\Arduino\Builds\sharpmem\Arduino_STM32_mapleMini/core.a(rcc.c.o)
                0x08005e2c                rcc_turn_on_clk
 .text.rcc_turn_off_clk
                0x08005e46       0x1c C:\Users\Nandi\AppData\Local\V.Micro\Arduino\Builds\sharpmem\Arduino_STM32_mapleMini/core.a(rcc.c.o)
                0x08005e46                rcc_turn_off_clk
 .text.rcc_is_clk_ready
                0x08005e62       0x18 C:\Users\Nandi\AppData\Local\V.Micro\Arduino\Builds\sharpmem\Arduino_STM32_mapleMini/core.a(rcc.c.o)
                0x08005e62                rcc_is_clk_ready
 *fill*         0x08005e7a        0x2 
 .text.rcc_configure_pll
                0x08005e7c       0x18 C:\Users\Nandi\AppData\Local\V.Micro\Arduino\Builds\sharpmem\Arduino_STM32_mapleMini/core.a(rcc_f1.c.o)
                0x08005e7c                rcc_configure_pll
 .text.rcc_clk_enable
                0x08005e94       0x30 C:\Users\Nandi\AppData\Local\V.Micro\Arduino\Builds\sharpmem\Arduino_STM32_mapleMini/core.a(rcc_f1.c.o)
                0x08005e94                rcc_clk_enable
 .text.rcc_reset_dev
                0x08005ec4       0x34 C:\Users\Nandi\AppData\Local\V.Micro\Arduino\Builds\sharpmem\Arduino_STM32_mapleMini/core.a(rcc_f1.c.o)
                0x08005ec4                rcc_reset_dev
 .text.rcc_set_prescaler
                0x08005ef8       0x20 C:\Users\Nandi\AppData\Local\V.Micro\Arduino\Builds\sharpmem\Arduino_STM32_mapleMini/core.a(rcc_f1.c.o)
                0x08005ef8                rcc_set_prescaler
 .text.rcc_clk_disable
                0x08005f18       0x30 C:\Users\Nandi\AppData\Local\V.Micro\Arduino\Builds\sharpmem\Arduino_STM32_mapleMini/core.a(rcc_f1.c.o)
                0x08005f18                rcc_clk_disable
 .text.bb_peri_set_bit
                0x08005f48        0xe C:\Users\Nandi\AppData\Local\V.Micro\Arduino\Builds\sharpmem\Arduino_STM32_mapleMini/core.a(spi.c.o)
 .text.spi_init
                0x08005f56       0x14 C:\Users\Nandi\AppData\Local\V.Micro\Arduino\Builds\sharpmem\Arduino_STM32_mapleMini/core.a(spi.c.o)
                0x08005f56                spi_init
 .text.spi_tx   0x08005f6a       0x28 C:\Users\Nandi\AppData\Local\V.Micro\Arduino\Builds\sharpmem\Arduino_STM32_mapleMini/core.a(spi.c.o)
                0x08005f6a                spi_tx
 .text.spi_peripheral_enable
                0x08005f92        0xa C:\Users\Nandi\AppData\Local\V.Micro\Arduino\Builds\sharpmem\Arduino_STM32_mapleMini/core.a(spi.c.o)
                0x08005f92                spi_peripheral_enable
 .text.spi_peripheral_disable
                0x08005f9c        0xa C:\Users\Nandi\AppData\Local\V.Micro\Arduino\Builds\sharpmem\Arduino_STM32_mapleMini/core.a(spi.c.o)
                0x08005f9c                spi_peripheral_disable
 .text.spi_master_enable
                0x08005fa6       0x28 C:\Users\Nandi\AppData\Local\V.Micro\Arduino\Builds\sharpmem\Arduino_STM32_mapleMini/core.a(spi.c.o)
                0x08005fa6                spi_master_enable
 .text.spi_config_gpios
                0x08005fce       0x5a C:\Users\Nandi\AppData\Local\V.Micro\Arduino\Builds\sharpmem\Arduino_STM32_mapleMini/core.a(spi_f1.c.o)
                0x08005fce                spi_config_gpios
 .text.systick_init
                0x08006028       0x10 C:\Users\Nandi\AppData\Local\V.Micro\Arduino\Builds\sharpmem\Arduino_STM32_mapleMini/core.a(systick.c.o)
                0x08006028                systick_init
 .text.__exc_systick
                0x08006038       0x1c C:\Users\Nandi\AppData\Local\V.Micro\Arduino\Builds\sharpmem\Arduino_STM32_mapleMini/core.a(systick.c.o)
                0x08006038                __exc_systick
 .text.timer_oc_set_mode
                0x08006054       0x3a C:\Users\Nandi\AppData\Local\V.Micro\Arduino\Builds\sharpmem\Arduino_STM32_mapleMini/core.a(timer.c.o)
 *fill*         0x0800608e        0x2 
 .text.timer_foreach
                0x08006090       0x28 C:\Users\Nandi\AppData\Local\V.Micro\Arduino\Builds\sharpmem\Arduino_STM32_mapleMini/core.a(timer.c.o)
                0x08006090                timer_foreach
 .text.timer_init
                0x080060b8       0x14 C:\Users\Nandi\AppData\Local\V.Micro\Arduino\Builds\sharpmem\Arduino_STM32_mapleMini/core.a(timer.c.o)
                0x080060b8                timer_init
 .text.timer_has_cc_channel
                0x080060cc       0x30 C:\Users\Nandi\AppData\Local\V.Micro\Arduino\Builds\sharpmem\Arduino_STM32_mapleMini/core.a(timer.c.o)
                0x080060cc                timer_has_cc_channel
 .text.timer_detach_interrupt
                0x080060fc       0x1e C:\Users\Nandi\AppData\Local\V.Micro\Arduino\Builds\sharpmem\Arduino_STM32_mapleMini/core.a(timer.c.o)
                0x080060fc                timer_detach_interrupt
 .text.timer_set_mode
                0x0800611a       0x94 C:\Users\Nandi\AppData\Local\V.Micro\Arduino\Builds\sharpmem\Arduino_STM32_mapleMini/core.a(timer.c.o)
                0x0800611a                timer_set_mode
 *fill*         0x080061ae        0x2 
 .text.__irq_tim1_brk
                0x080061b0       0x24 C:\Users\Nandi\AppData\Local\V.Micro\Arduino\Builds\sharpmem\Arduino_STM32_mapleMini/core.a(timer.c.o)
                0x080061b0                __irq_tim1_brk
 .text.__irq_tim1_up
                0x080061d4       0x24 C:\Users\Nandi\AppData\Local\V.Micro\Arduino\Builds\sharpmem\Arduino_STM32_mapleMini/core.a(timer.c.o)
                0x080061d4                __irq_tim1_up
 .text.__irq_tim1_trg_com
                0x080061f8       0x38 C:\Users\Nandi\AppData\Local\V.Micro\Arduino\Builds\sharpmem\Arduino_STM32_mapleMini/core.a(timer.c.o)
                0x080061f8                __irq_tim1_trg_com
 .text.__irq_tim1_cc
                0x08006230       0x54 C:\Users\Nandi\AppData\Local\V.Micro\Arduino\Builds\sharpmem\Arduino_STM32_mapleMini/core.a(timer.c.o)
                0x08006230                __irq_tim1_cc
 .text.__irq_tim2
                0x08006284       0x70 C:\Users\Nandi\AppData\Local\V.Micro\Arduino\Builds\sharpmem\Arduino_STM32_mapleMini/core.a(timer.c.o)
                0x08006284                __irq_tim2
 .text.__irq_tim3
                0x080062f4       0x70 C:\Users\Nandi\AppData\Local\V.Micro\Arduino\Builds\sharpmem\Arduino_STM32_mapleMini/core.a(timer.c.o)
                0x080062f4                __irq_tim3
 .text.__irq_tim4
                0x08006364       0x70 C:\Users\Nandi\AppData\Local\V.Micro\Arduino\Builds\sharpmem\Arduino_STM32_mapleMini/core.a(timer.c.o)
                0x08006364                __irq_tim4
 .text.throb    0x080063d4       0x4c C:\Users\Nandi\AppData\Local\V.Micro\Arduino\Builds\sharpmem\Arduino_STM32_mapleMini/core.a(util.c.o)
                0x080063d4                throb
 .text.__error  0x08006420       0x14 C:\Users\Nandi\AppData\Local\V.Micro\Arduino\Builds\sharpmem\Arduino_STM32_mapleMini/core.a(util.c.o)
                0x08006420                __error
 .text.__cxa_pure_virtual
                0x08006434        0x2 C:\Users\Nandi\AppData\Local\V.Micro\Arduino\Builds\sharpmem\Arduino_STM32_mapleMini/core.a(cxxabi-compat.cpp.o)
                0x08006434                __cxa_pure_virtual
 .text.startup._Z7premainv
                0x08006436        0x4 C:\Users\Nandi\AppData\Local\V.Micro\Arduino\Builds\sharpmem\Arduino_STM32_mapleMini/core.a(main.cpp.o)
                0x08006436                premain()
 .text.startup.main
                0x0800643a        0xc C:\Users\Nandi\AppData\Local\V.Micro\Arduino\Builds\sharpmem\Arduino_STM32_mapleMini/core.a(main.cpp.o)
                0x0800643a                main
 .text._ZN5Print5writeEPKc
                0x08006446       0x1c C:\Users\Nandi\AppData\Local\V.Micro\Arduino\Builds\sharpmem\Arduino_STM32_mapleMini/core.a(Print.cpp.o)
                0x08006446                Print::write(char const*)
 .text._ZN5Print5writeEPKvm
                0x08006462       0x1e C:\Users\Nandi\AppData\Local\V.Micro\Arduino\Builds\sharpmem\Arduino_STM32_mapleMini/core.a(Print.cpp.o)
                0x08006462                Print::write(void const*, unsigned long)
 .text._ZN5Print5printEc
                0x08006480        0xa C:\Users\Nandi\AppData\Local\V.Micro\Arduino\Builds\sharpmem\Arduino_STM32_mapleMini/core.a(Print.cpp.o)
                0x08006480                Print::print(char)
 .text._ZN5Print5printEPKc
                0x0800648a        0xa C:\Users\Nandi\AppData\Local\V.Micro\Arduino\Builds\sharpmem\Arduino_STM32_mapleMini/core.a(Print.cpp.o)
                0x0800648a                Print::print(char const*)
 .text._ZN5Print7printlnEv
                0x08006494       0x18 C:\Users\Nandi\AppData\Local\V.Micro\Arduino\Builds\sharpmem\Arduino_STM32_mapleMini/core.a(Print.cpp.o)
                0x08006494                Print::println()
 .text._ZN5Print7printlnEPKc
                0x080064ac       0x14 C:\Users\Nandi\AppData\Local\V.Micro\Arduino\Builds\sharpmem\Arduino_STM32_mapleMini/core.a(Print.cpp.o)
                0x080064ac                Print::println(char const*)
 .text._ZN5Print11printNumberEyh
                0x080064c0       0x84 C:\Users\Nandi\AppData\Local\V.Micro\Arduino\Builds\sharpmem\Arduino_STM32_mapleMini/core.a(Print.cpp.o)
                0x080064c0                Print::printNumber(unsigned long long, unsigned char)
 .text._ZN5Print5printExi
                0x08006544       0x40 C:\Users\Nandi\AppData\Local\V.Micro\Arduino\Builds\sharpmem\Arduino_STM32_mapleMini/core.a(Print.cpp.o)
                0x08006544                Print::print(long long, int)
 .text._ZN5Print5printEii
                0x08006584       0x12 C:\Users\Nandi\AppData\Local\V.Micro\Arduino\Builds\sharpmem\Arduino_STM32_mapleMini/core.a(Print.cpp.o)
                0x08006584                Print::print(int, int)
 .text._ZN9USBSerial5writeEh
                0x08006596       0x18 C:\Users\Nandi\AppData\Local\V.Micro\Arduino\Builds\sharpmem\Arduino_STM32_mapleMini/core.a(usb_serial.cpp.o)
                0x08006596                USBSerial::write(unsigned char)
 .text._ZN9USBSerial9availableEv
                0x080065ae        0x4 C:\Users\Nandi\AppData\Local\V.Micro\Arduino\Builds\sharpmem\Arduino_STM32_mapleMini/core.a(usb_serial.cpp.o)
                0x080065ae                USBSerial::available()
 .text._ZN9USBSerial5writeEPKc
                0x080065b2       0x1c C:\Users\Nandi\AppData\Local\V.Micro\Arduino\Builds\sharpmem\Arduino_STM32_mapleMini/core.a(usb_serial.cpp.o)
                0x080065b2                USBSerial::write(char const*)
 .text._ZN9USBSerial4peekEv
                0x080065ce       0x1e C:\Users\Nandi\AppData\Local\V.Micro\Arduino\Builds\sharpmem\Arduino_STM32_mapleMini/core.a(usb_serial.cpp.o)
                0x080065ce                USBSerial::peek()
 .text._ZN9USBSerial4readEv
                0x080065ec       0x1e C:\Users\Nandi\AppData\Local\V.Micro\Arduino\Builds\sharpmem\Arduino_STM32_mapleMini/core.a(usb_serial.cpp.o)
                0x080065ec                USBSerial::read()
 *fill*         0x0800660a        0x2 
 .text._ZL14ifaceSetupHookjPv
                0x0800660c       0x50 C:\Users\Nandi\AppData\Local\V.Micro\Arduino\Builds\sharpmem\Arduino_STM32_mapleMini/core.a(usb_serial.cpp.o)
 .text._ZL6rxHookjPv
                0x0800665c       0x84 C:\Users\Nandi\AppData\Local\V.Micro\Arduino\Builds\sharpmem\Arduino_STM32_mapleMini/core.a(usb_serial.cpp.o)
 .text._ZL10wait_resetv
                0x080066e0       0x10 C:\Users\Nandi\AppData\Local\V.Micro\Arduino\Builds\sharpmem\Arduino_STM32_mapleMini/core.a(usb_serial.cpp.o)
 .text._ZN9USBSerialC2Ev
                0x080066f0       0x14 C:\Users\Nandi\AppData\Local\V.Micro\Arduino\Builds\sharpmem\Arduino_STM32_mapleMini/core.a(usb_serial.cpp.o)
                0x080066f0                USBSerial::USBSerial()
                0x080066f0                USBSerial::USBSerial()
 .text._ZN9USBSerial5beginEv
                0x08006704       0x2c C:\Users\Nandi\AppData\Local\V.Micro\Arduino\Builds\sharpmem\Arduino_STM32_mapleMini/core.a(usb_serial.cpp.o)
                0x08006704                USBSerial::begin()
 .text._ZN9USBSerial5beginEm
                0x08006730        0xa C:\Users\Nandi\AppData\Local\V.Micro\Arduino\Builds\sharpmem\Arduino_STM32_mapleMini/core.a(usb_serial.cpp.o)
                0x08006730                USBSerial::begin(unsigned long)
 .text._ZN9USBSerial4readEPvm
                0x0800673a       0x22 C:\Users\Nandi\AppData\Local\V.Micro\Arduino\Builds\sharpmem\Arduino_STM32_mapleMini/core.a(usb_serial.cpp.o)
                0x0800673a                USBSerial::read(void*, unsigned long)
 .text._ZN9USBSerial5flushEv
                0x0800675c       0x1c C:\Users\Nandi\AppData\Local\V.Micro\Arduino\Builds\sharpmem\Arduino_STM32_mapleMini/core.a(usb_serial.cpp.o)
                0x0800675c                USBSerial::flush()
 .text._ZN9USBSerial11isConnectedEv
                0x08006778       0x14 C:\Users\Nandi\AppData\Local\V.Micro\Arduino\Builds\sharpmem\Arduino_STM32_mapleMini/core.a(usb_serial.cpp.o)
                0x08006778                USBSerial::isConnected()
 .text._ZN9USBSerial5writeEPKvm
                0x0800678c       0x5c C:\Users\Nandi\AppData\Local\V.Micro\Arduino\Builds\sharpmem\Arduino_STM32_mapleMini/core.a(usb_serial.cpp.o)
                0x0800678c                USBSerial::write(void const*, unsigned long)
 .text.startup._GLOBAL__sub_I__ZN9USBSerialC2Ev
                0x080067e8        0xc C:\Users\Nandi\AppData\Local\V.Micro\Arduino\Builds\sharpmem\Arduino_STM32_mapleMini/core.a(usb_serial.cpp.o)
 .text._Z12digitalWritehh
                0x080067f4       0x2c C:\Users\Nandi\AppData\Local\V.Micro\Arduino\Builds\sharpmem\Arduino_STM32_mapleMini/core.a(wirish_digital.cpp.o)
                0x080067f4                digitalWrite(unsigned char, unsigned char)
 .text._Z17delayMicrosecondsm
                0x08006820        0xe C:\Users\Nandi\AppData\Local\V.Micro\Arduino\Builds\sharpmem\Arduino_STM32_mapleMini/core.a(wirish_time.cpp.o)
                0x08006820                delayMicroseconds(unsigned long)
 *fill*         0x0800682e        0x2 
 .text._Z7pinModeh13WiringPinMode
                0x08006830       0x6c C:\Users\Nandi\AppData\Local\V.Micro\Arduino\Builds\sharpmem\Arduino_STM32_mapleMini/core.a(wirish_digital_f1.cpp.o)
                0x08006830                pinMode(unsigned char, WiringPinMode)
 .text          0x0800689c       0x10 C:\Users\Nandi\AppData\Local\V.Micro\Arduino\Builds\sharpmem\Arduino_STM32_mapleMini/core.a(start.S.o)
                0x0800689c                __start__
 .text.start_c  0x080068ac       0x64 C:\Users\Nandi\AppData\Local\V.Micro\Arduino\Builds\sharpmem\Arduino_STM32_mapleMini/core.a(start_c.c.o)
                0x080068ac                start_c
 .text._Z9boardInitv
                0x08006910        0x4 C:\Users\Nandi\AppData\Local\V.Micro\Arduino\Builds\sharpmem\Arduino_STM32_mapleMini/core.a(board.cpp.o)
                0x08006910                boardInit()
 .text.startup._GLOBAL__sub_I__Z9boardInitv
                0x08006914       0x48 C:\Users\Nandi\AppData\Local\V.Micro\Arduino\Builds\sharpmem\Arduino_STM32_mapleMini/core.a(board.cpp.o)
 .text._ZL18adc_default_configPK7adc_dev
                0x0800695c       0x1c C:\Users\Nandi\AppData\Local\V.Micro\Arduino\Builds\sharpmem\Arduino_STM32_mapleMini/core.a(boards.cpp.o)
 .text._ZL20timer_default_configP9timer_dev
                0x08006978       0x9e C:\Users\Nandi\AppData\Local\V.Micro\Arduino\Builds\sharpmem\Arduino_STM32_mapleMini/core.a(boards.cpp.o)
 *fill*         0x08006a16        0x2 
 .text._Z4initv
                0x08006a18       0xbc C:\Users\Nandi\AppData\Local\V.Micro\Arduino\Builds\sharpmem\Arduino_STM32_mapleMini/core.a(boards.cpp.o)
                0x08006a18                init()
 .text._ZN6wirish4priv15board_reset_pllEv
                0x08006ad4        0x2 C:\Users\Nandi\AppData\Local\V.Micro\Arduino\Builds\sharpmem\Arduino_STM32_mapleMini/core.a(boards_setup.cpp.o)
                0x08006ad4                wirish::priv::board_reset_pll()
 .text._ZN6wirish4priv28board_setup_clock_prescalersEv
                0x08006ad6       0x2e C:\Users\Nandi\AppData\Local\V.Micro\Arduino\Builds\sharpmem\Arduino_STM32_mapleMini/core.a(boards_setup.cpp.o)
                0x08006ad6                wirish::priv::board_setup_clock_prescalers()
 .text._ZN6wirish4priv16board_setup_gpioEv
                0x08006b04        0x4 C:\Users\Nandi\AppData\Local\V.Micro\Arduino\Builds\sharpmem\Arduino_STM32_mapleMini/core.a(boards_setup.cpp.o)
                0x08006b04                wirish::priv::board_setup_gpio()
 .text._ZN6wirish4priv15board_setup_usbEv
                0x08006b08        0xc C:\Users\Nandi\AppData\Local\V.Micro\Arduino\Builds\sharpmem\Arduino_STM32_mapleMini/core.a(boards_setup.cpp.o)
                0x08006b08                wirish::priv::board_setup_usb()
 .text._ZN6wirish4priv11series_initEv
                0x08006b14        0x4 C:\Users\Nandi\AppData\Local\V.Micro\Arduino\Builds\sharpmem\Arduino_STM32_mapleMini/core.a(boards_setup.cpp.o)
                0x08006b14                wirish::priv::series_init()
 .text.adc_init
                0x08006b18       0x14 C:\Users\Nandi\AppData\Local\V.Micro\Arduino\Builds\sharpmem\Arduino_STM32_mapleMini/core.a(adc.c.o)
                0x08006b18                adc_init
 .text.adc_set_extsel
                0x08006b2c        0xe C:\Users\Nandi\AppData\Local\V.Micro\Arduino\Builds\sharpmem\Arduino_STM32_mapleMini/core.a(adc.c.o)
                0x08006b2c                adc_set_extsel
 .text.adc_set_sample_rate
                0x08006b3a       0x30 C:\Users\Nandi\AppData\Local\V.Micro\Arduino\Builds\sharpmem\Arduino_STM32_mapleMini/core.a(adc.c.o)
                0x08006b3a                adc_set_sample_rate
 .text.adc_calibrate
                0x08006b6a       0x24 C:\Users\Nandi\AppData\Local\V.Micro\Arduino\Builds\sharpmem\Arduino_STM32_mapleMini/core.a(adc_f1.c.o)
                0x08006b6a                adc_calibrate
 .text.adc_set_prescaler
                0x08006b8e        0x8 C:\Users\Nandi\AppData\Local\V.Micro\Arduino\Builds\sharpmem\Arduino_STM32_mapleMini/core.a(adc_f1.c.o)
                0x08006b8e                adc_set_prescaler
 *fill*         0x08006b96        0x2 
 .text.adc_foreach
                0x08006b98       0x1c C:\Users\Nandi\AppData\Local\V.Micro\Arduino\Builds\sharpmem\Arduino_STM32_mapleMini/core.a(adc_f1.c.o)
                0x08006b98                adc_foreach
 .text.adc_enable_single_swstart
                0x08006bb4       0x36 C:\Users\Nandi\AppData\Local\V.Micro\Arduino\Builds\sharpmem\Arduino_STM32_mapleMini/core.a(adc_f1.c.o)
                0x08006bb4                adc_enable_single_swstart
 *fill*         0x08006bea        0x2 
 .text.flash_set_latency
                0x08006bec       0x14 C:\Users\Nandi\AppData\Local\V.Micro\Arduino\Builds\sharpmem\Arduino_STM32_mapleMini/core.a(flash.c.o)
                0x08006bec                flash_set_latency
 .text.gpio_init_all
                0x08006c00       0x30 C:\Users\Nandi\AppData\Local\V.Micro\Arduino\Builds\sharpmem\Arduino_STM32_mapleMini/core.a(gpio_f1.c.o)
                0x08006c00                gpio_init_all
 .text.gpio_set_mode
                0x08006c30       0x50 C:\Users\Nandi\AppData\Local\V.Micro\Arduino\Builds\sharpmem\Arduino_STM32_mapleMini/core.a(gpio_f1.c.o)
                0x08006c30                gpio_set_mode
 .text.afio_init
                0x08006c80       0x12 C:\Users\Nandi\AppData\Local\V.Micro\Arduino\Builds\sharpmem\Arduino_STM32_mapleMini/core.a(gpio_f1.c.o)
                0x08006c80                afio_init
 *fill*         0x08006c92        0x2 
 .text.iwdg_init
                0x08006c94       0x20 C:\Users\Nandi\AppData\Local\V.Micro\Arduino\Builds\sharpmem\Arduino_STM32_mapleMini/core.a(iwdg.c.o)
                0x08006c94                iwdg_init
 .text.nvic_irq_set_priority
                0x08006cb4       0x28 C:\Users\Nandi\AppData\Local\V.Micro\Arduino\Builds\sharpmem\Arduino_STM32_mapleMini/core.a(nvic.c.o)
                0x08006cb4                nvic_irq_set_priority
 .text.nvic_init
                0x08006cdc       0x30 C:\Users\Nandi\AppData\Local\V.Micro\Arduino\Builds\sharpmem\Arduino_STM32_mapleMini/core.a(nvic.c.o)
                0x08006cdc                nvic_init
 .text.nvic_sys_reset
                0x08006d0c       0x1c C:\Users\Nandi\AppData\Local\V.Micro\Arduino\Builds\sharpmem\Arduino_STM32_mapleMini/core.a(nvic.c.o)
                0x08006d0c                nvic_sys_reset
 .text.usart_tx
                0x08006d28       0x1a C:\Users\Nandi\AppData\Local\V.Micro\Arduino\Builds\sharpmem\Arduino_STM32_mapleMini/core.a(usart.c.o)
                0x08006d28                usart_tx
 .text.rb_push_insert
                0x08006d42       0x44 C:\Users\Nandi\AppData\Local\V.Micro\Arduino\Builds\sharpmem\Arduino_STM32_mapleMini/core.a(usart_f1.c.o)
 *fill*         0x08006d86        0x2 
 .text.__irq_usart1
                0x08006d88       0x1c C:\Users\Nandi\AppData\Local\V.Micro\Arduino\Builds\sharpmem\Arduino_STM32_mapleMini/core.a(usart_f1.c.o)
                0x08006d88                __irq_usart1
 .text.__irq_usart2
                0x08006da4       0x1c C:\Users\Nandi\AppData\Local\V.Micro\Arduino\Builds\sharpmem\Arduino_STM32_mapleMini/core.a(usart_f1.c.o)
                0x08006da4                __irq_usart2
 .text.__irq_usart3
                0x08006dc0       0x1c C:\Users\Nandi\AppData\Local\V.Micro\Arduino\Builds\sharpmem\Arduino_STM32_mapleMini/core.a(usart_f1.c.o)
                0x08006dc0                __irq_usart3
 .text.usb_resume
                0x08006ddc       0xb4 C:\Users\Nandi\AppData\Local\V.Micro\Arduino\Builds\sharpmem\Arduino_STM32_mapleMini/core.a(usb.c.o)
 .text.usb_init_usblib
                0x08006e90       0x48 C:\Users\Nandi\AppData\Local\V.Micro\Arduino\Builds\sharpmem\Arduino_STM32_mapleMini/core.a(usb.c.o)
                0x08006e90                usb_init_usblib
 .text.__irq_usb_lp_can_rx0
                0x08006ed8      0x1c8 C:\Users\Nandi\AppData\Local\V.Micro\Arduino\Builds\sharpmem\Arduino_STM32_mapleMini/core.a(usb.c.o)
                0x08006ed8                __irq_usb_lp_can_rx0
 .text.usb_set_ep_rx_stat
                0x080070a0       0x22 C:\Users\Nandi\AppData\Local\V.Micro\Arduino\Builds\sharpmem\Arduino_STM32_mapleMini/core.a(usb_cdcacm.c.o)
 *fill*         0x080070c2        0x2 
 .text.vcomDataTxCb
                0x080070c4       0x14 C:\Users\Nandi\AppData\Local\V.Micro\Arduino\Builds\sharpmem\Arduino_STM32_mapleMini/core.a(usb_cdcacm.c.o)
 .text.vcomGetSetLineCoding
                0x080070d8       0x18 C:\Users\Nandi\AppData\Local\V.Micro\Arduino\Builds\sharpmem\Arduino_STM32_mapleMini/core.a(usb_cdcacm.c.o)
 .text.usbDataSetup
                0x080070f0       0x54 C:\Users\Nandi\AppData\Local\V.Micro\Arduino\Builds\sharpmem\Arduino_STM32_mapleMini/core.a(usb_cdcacm.c.o)
 .text.usbNoDataSetup
                0x08007144       0x50 C:\Users\Nandi\AppData\Local\V.Micro\Arduino\Builds\sharpmem\Arduino_STM32_mapleMini/core.a(usb_cdcacm.c.o)
 .text.usbGetInterfaceSetting
                0x08007194       0x10 C:\Users\Nandi\AppData\Local\V.Micro\Arduino\Builds\sharpmem\Arduino_STM32_mapleMini/core.a(usb_cdcacm.c.o)
 .text.usbSetConfiguration
                0x080071a4       0x1c C:\Users\Nandi\AppData\Local\V.Micro\Arduino\Builds\sharpmem\Arduino_STM32_mapleMini/core.a(usb_cdcacm.c.o)
 .text.usbSetDeviceAddress
                0x080071c0       0x10 C:\Users\Nandi\AppData\Local\V.Micro\Arduino\Builds\sharpmem\Arduino_STM32_mapleMini/core.a(usb_cdcacm.c.o)
 .text.usbGetStringDescriptor
                0x080071d0       0x20 C:\Users\Nandi\AppData\Local\V.Micro\Arduino\Builds\sharpmem\Arduino_STM32_mapleMini/core.a(usb_cdcacm.c.o)
 .text.usbGetConfigDescriptor
                0x080071f0        0xc C:\Users\Nandi\AppData\Local\V.Micro\Arduino\Builds\sharpmem\Arduino_STM32_mapleMini/core.a(usb_cdcacm.c.o)
 .text.usbGetDeviceDescriptor
                0x080071fc        0xc C:\Users\Nandi\AppData\Local\V.Micro\Arduino\Builds\sharpmem\Arduino_STM32_mapleMini/core.a(usb_cdcacm.c.o)
 .text.usbInit  0x08007208       0x44 C:\Users\Nandi\AppData\Local\V.Micro\Arduino\Builds\sharpmem\Arduino_STM32_mapleMini/core.a(usb_cdcacm.c.o)
 .text.vcomDataRxCb
                0x0800724c       0x98 C:\Users\Nandi\AppData\Local\V.Micro\Arduino\Builds\sharpmem\Arduino_STM32_mapleMini/core.a(usb_cdcacm.c.o)
 .text.usbReset
                0x080072e4      0x158 C:\Users\Nandi\AppData\Local\V.Micro\Arduino\Builds\sharpmem\Arduino_STM32_mapleMini/core.a(usb_cdcacm.c.o)
 .text.usb_cdcacm_set_hooks
                0x0800743c       0x1c C:\Users\Nandi\AppData\Local\V.Micro\Arduino\Builds\sharpmem\Arduino_STM32_mapleMini/core.a(usb_cdcacm.c.o)
                0x0800743c                usb_cdcacm_set_hooks
 .text.usb_cdcacm_enable
                0x08007458       0x34 C:\Users\Nandi\AppData\Local\V.Micro\Arduino\Builds\sharpmem\Arduino_STM32_mapleMini/core.a(usb_cdcacm.c.o)
                0x08007458                usb_cdcacm_enable
 .text.usb_cdcacm_tx
                0x0800748c       0x60 C:\Users\Nandi\AppData\Local\V.Micro\Arduino\Builds\sharpmem\Arduino_STM32_mapleMini/core.a(usb_cdcacm.c.o)
                0x0800748c                usb_cdcacm_tx
 .text.usb_cdcacm_data_available
                0x080074ec        0xc C:\Users\Nandi\AppData\Local\V.Micro\Arduino\Builds\sharpmem\Arduino_STM32_mapleMini/core.a(usb_cdcacm.c.o)
                0x080074ec                usb_cdcacm_data_available
 .text.usb_cdcacm_is_transmitting
                0x080074f8        0xc C:\Users\Nandi\AppData\Local\V.Micro\Arduino\Builds\sharpmem\Arduino_STM32_mapleMini/core.a(usb_cdcacm.c.o)
                0x080074f8                usb_cdcacm_is_transmitting
 .text.usb_cdcacm_peek
                0x08007504       0x38 C:\Users\Nandi\AppData\Local\V.Micro\Arduino\Builds\sharpmem\Arduino_STM32_mapleMini/core.a(usb_cdcacm.c.o)
                0x08007504                usb_cdcacm_peek
 .text.usb_cdcacm_rx
                0x0800753c       0x44 C:\Users\Nandi\AppData\Local\V.Micro\Arduino\Builds\sharpmem\Arduino_STM32_mapleMini/core.a(usb_cdcacm.c.o)
                0x0800753c                usb_cdcacm_rx
 .text.usb_cdcacm_peek_ex
                0x08007580       0x44 C:\Users\Nandi\AppData\Local\V.Micro\Arduino\Builds\sharpmem\Arduino_STM32_mapleMini/core.a(usb_cdcacm.c.o)
                0x08007580                usb_cdcacm_peek_ex
 .text.usb_cdcacm_get_dtr
                0x080075c4       0x10 C:\Users\Nandi\AppData\Local\V.Micro\Arduino\Builds\sharpmem\Arduino_STM32_mapleMini/core.a(usb_cdcacm.c.o)
                0x080075c4                usb_cdcacm_get_dtr
 .text.usb_cdcacm_get_baud
                0x080075d4        0xc C:\Users\Nandi\AppData\Local\V.Micro\Arduino\Builds\sharpmem\Arduino_STM32_mapleMini/core.a(usb_cdcacm.c.o)
                0x080075d4                usb_cdcacm_get_baud
 .text.usb_set_ep_rx_count_common
                0x080075e0       0x26 C:\Users\Nandi\AppData\Local\V.Micro\Arduino\Builds\sharpmem\Arduino_STM32_mapleMini/core.a(usb_reg_map.c.o)
 .text.usb_copy_to_pma
                0x08007606       0x3e C:\Users\Nandi\AppData\Local\V.Micro\Arduino\Builds\sharpmem\Arduino_STM32_mapleMini/core.a(usb_reg_map.c.o)
                0x08007606                usb_copy_to_pma
 .text.usb_copy_from_pma
                0x08007644       0x30 C:\Users\Nandi\AppData\Local\V.Micro\Arduino\Builds\sharpmem\Arduino_STM32_mapleMini/core.a(usb_reg_map.c.o)
                0x08007644                usb_copy_from_pma
 .text.usb_set_ep_rx_count
                0x08007674       0x1c C:\Users\Nandi\AppData\Local\V.Micro\Arduino\Builds\sharpmem\Arduino_STM32_mapleMini/core.a(usb_reg_map.c.o)
                0x08007674                usb_set_ep_rx_count
 .text.Standard_GetConfiguration
                0x08007690       0x24 C:\Users\Nandi\AppData\Local\V.Micro\Arduino\Builds\sharpmem\Arduino_STM32_mapleMini/core.a(usb_core.c.o)
                0x08007690                Standard_GetConfiguration
 .text.Standard_GetInterface
                0x080076b4       0x24 C:\Users\Nandi\AppData\Local\V.Micro\Arduino\Builds\sharpmem\Arduino_STM32_mapleMini/core.a(usb_core.c.o)
                0x080076b4                Standard_GetInterface
 .text.Standard_GetStatus
                0x080076d8       0x90 C:\Users\Nandi\AppData\Local\V.Micro\Arduino\Builds\sharpmem\Arduino_STM32_mapleMini/core.a(usb_core.c.o)
                0x080076d8                Standard_GetStatus
 .text.DataStageIn
                0x08007768       0xa8 C:\Users\Nandi\AppData\Local\V.Micro\Arduino\Builds\sharpmem\Arduino_STM32_mapleMini/core.a(usb_core.c.o)
 .text.Standard_SetConfiguration
                0x08007810       0x38 C:\Users\Nandi\AppData\Local\V.Micro\Arduino\Builds\sharpmem\Arduino_STM32_mapleMini/core.a(usb_core.c.o)
                0x08007810                Standard_SetConfiguration
 .text.Standard_SetInterface
                0x08007848       0x48 C:\Users\Nandi\AppData\Local\V.Micro\Arduino\Builds\sharpmem\Arduino_STM32_mapleMini/core.a(usb_core.c.o)
                0x08007848                Standard_SetInterface
 .text.Standard_ClearFeature
                0x08007890       0xd0 C:\Users\Nandi\AppData\Local\V.Micro\Arduino\Builds\sharpmem\Arduino_STM32_mapleMini/core.a(usb_core.c.o)
                0x08007890                Standard_ClearFeature
 .text.Standard_SetEndPointFeature
                0x08007960       0x84 C:\Users\Nandi\AppData\Local\V.Micro\Arduino\Builds\sharpmem\Arduino_STM32_mapleMini/core.a(usb_core.c.o)
                0x08007960                Standard_SetEndPointFeature
 .text.Standard_SetDeviceFeature
                0x080079e4       0x24 C:\Users\Nandi\AppData\Local\V.Micro\Arduino\Builds\sharpmem\Arduino_STM32_mapleMini/core.a(usb_core.c.o)
                0x080079e4                Standard_SetDeviceFeature
 .text.Standard_GetDescriptorData
                0x08007a08       0x1c C:\Users\Nandi\AppData\Local\V.Micro\Arduino\Builds\sharpmem\Arduino_STM32_mapleMini/core.a(usb_core.c.o)
                0x08007a08                Standard_GetDescriptorData
 .text.Post0_Process
                0x08007a24       0x40 C:\Users\Nandi\AppData\Local\V.Micro\Arduino\Builds\sharpmem\Arduino_STM32_mapleMini/core.a(usb_core.c.o)
                0x08007a24                Post0_Process
 .text.Setup0_Process
                0x08007a64      0x2e8 C:\Users\Nandi\AppData\Local\V.Micro\Arduino\Builds\sharpmem\Arduino_STM32_mapleMini/core.a(usb_core.c.o)
                0x08007a64                Setup0_Process
 .text.Out0_Process
                0x08007d4c       0xc8 C:\Users\Nandi\AppData\Local\V.Micro\Arduino\Builds\sharpmem\Arduino_STM32_mapleMini/core.a(usb_core.c.o)
                0x08007d4c                Out0_Process
 .text.SetDeviceAddress
                0x08007e14       0x38 C:\Users\Nandi\AppData\Local\V.Micro\Arduino\Builds\sharpmem\Arduino_STM32_mapleMini/core.a(usb_core.c.o)
                0x08007e14                SetDeviceAddress
 .text.In0_Process
                0x08007e4c       0x5c C:\Users\Nandi\AppData\Local\V.Micro\Arduino\Builds\sharpmem\Arduino_STM32_mapleMini/core.a(usb_core.c.o)
                0x08007e4c                In0_Process
 .text.NOP_Process
                0x08007ea8        0x2 C:\Users\Nandi\AppData\Local\V.Micro\Arduino\Builds\sharpmem\Arduino_STM32_mapleMini/core.a(usb_core.c.o)
                0x08007ea8                NOP_Process
 .text.UserToPMABufferCopy
                0x08007eaa       0x30 C:\Users\Nandi\AppData\Local\V.Micro\Arduino\Builds\sharpmem\Arduino_STM32_mapleMini/core.a(usb_mem.c.o)
                0x08007eaa                UserToPMABufferCopy
 .text.PMAToUserBufferCopy
                0x08007eda       0x24 C:\Users\Nandi\AppData\Local\V.Micro\Arduino\Builds\sharpmem\Arduino_STM32_mapleMini/core.a(usb_mem.c.o)
                0x08007eda                PMAToUserBufferCopy
 .text.SetEPTxStatus
                0x08007efe       0x2a C:\Users\Nandi\AppData\Local\V.Micro\Arduino\Builds\sharpmem\Arduino_STM32_mapleMini/core.a(usb_regs.c.o)
                0x08007efe                SetEPTxStatus
 .text.ClearDTOG_RX
                0x08007f28       0x20 C:\Users\Nandi\AppData\Local\V.Micro\Arduino\Builds\sharpmem\Arduino_STM32_mapleMini/core.a(usb_regs.c.o)
                0x08007f28                ClearDTOG_RX
 .text.ClearDTOG_TX
                0x08007f48       0x20 C:\Users\Nandi\AppData\Local\V.Micro\Arduino\Builds\sharpmem\Arduino_STM32_mapleMini/core.a(usb_regs.c.o)
                0x08007f48                ClearDTOG_TX
 .text.GetEPTxAddr
                0x08007f68       0x1c C:\Users\Nandi\AppData\Local\V.Micro\Arduino\Builds\sharpmem\Arduino_STM32_mapleMini/core.a(usb_regs.c.o)
                0x08007f68                GetEPTxAddr
 .text.GetEPRxAddr
                0x08007f84       0x1c C:\Users\Nandi\AppData\Local\V.Micro\Arduino\Builds\sharpmem\Arduino_STM32_mapleMini/core.a(usb_regs.c.o)
                0x08007f84                GetEPRxAddr
 .text.SetEPTxCount
                0x08007fa0       0x1c C:\Users\Nandi\AppData\Local\V.Micro\Arduino\Builds\sharpmem\Arduino_STM32_mapleMini/core.a(usb_regs.c.o)
                0x08007fa0                SetEPTxCount
 .text.SetEPRxCount
                0x08007fbc       0x40 C:\Users\Nandi\AppData\Local\V.Micro\Arduino\Builds\sharpmem\Arduino_STM32_mapleMini/core.a(usb_regs.c.o)
                0x08007fbc                SetEPRxCount
 .text.ByteSwap
                0x08007ffc        0xa C:\Users\Nandi\AppData\Local\V.Micro\Arduino\Builds\sharpmem\Arduino_STM32_mapleMini/core.a(usb_regs.c.o)
                0x08007ffc                ByteSwap
 .text._ZN14HardwareSerial4readEv
                0x08008006       0x2c C:\Users\Nandi\AppData\Local\V.Micro\Arduino\Builds\sharpmem\Arduino_STM32_mapleMini/core.a(HardwareSerial.cpp.o)
                0x08008006                HardwareSerial::read()
 .text._ZN14HardwareSerial9availableEv
                0x08008032       0x26 C:\Users\Nandi\AppData\Local\V.Micro\Arduino\Builds\sharpmem\Arduino_STM32_mapleMini/core.a(HardwareSerial.cpp.o)
                0x08008032                HardwareSerial::available()
 .text._ZN14HardwareSerial4peekEv
                0x08008058       0x18 C:\Users\Nandi\AppData\Local\V.Micro\Arduino\Builds\sharpmem\Arduino_STM32_mapleMini/core.a(HardwareSerial.cpp.o)
                0x08008058                HardwareSerial::peek()
 .text._ZN14HardwareSerial5flushEv
                0x08008070        0xa C:\Users\Nandi\AppData\Local\V.Micro\Arduino\Builds\sharpmem\Arduino_STM32_mapleMini/core.a(HardwareSerial.cpp.o)
                0x08008070                HardwareSerial::flush()
 .text._ZN14HardwareSerial5writeEh
                0x0800807a       0x1e C:\Users\Nandi\AppData\Local\V.Micro\Arduino\Builds\sharpmem\Arduino_STM32_mapleMini/core.a(HardwareSerial.cpp.o)
                0x0800807a                HardwareSerial::write(unsigned char)
 .text._ZN14HardwareSerialC2EP9usart_devhh
                0x08008098       0x1c C:\Users\Nandi\AppData\Local\V.Micro\Arduino\Builds\sharpmem\Arduino_STM32_mapleMini/core.a(HardwareSerial.cpp.o)
                0x08008098                HardwareSerial::HardwareSerial(usart_dev*, unsigned char, unsigned char)
                0x08008098                HardwareSerial::HardwareSerial(usart_dev*, unsigned char, unsigned char)
 .text._Z17disableDebugPortsv
                0x080080b4       0x14 C:\Users\Nandi\AppData\Local\V.Micro\Arduino\Builds\sharpmem\Arduino_STM32_mapleMini/core.a(wirish_debug.cpp.o)
                0x080080b4                disableDebugPorts()
 .text.gpio_init
                0x080080c8       0x14 C:\Users\Nandi\AppData\Local\V.Micro\Arduino\Builds\sharpmem\Arduino_STM32_mapleMini/core.a(gpio.c.o)
                0x080080c8                gpio_init
 .text          0x080080dc      0x370 c:/users/nandi/appdata/roaming/arduino15/packages/arduino/tools/arm-none-eabi-gcc/4.8.3-2014q1/bin/../lib/gcc/arm-none-eabi/4.8.3/armv7-m\libgcc.a(_arm_addsubdf3.o)
                0x080080dc                __aeabi_drsub
                0x080080e4                __aeabi_dsub
                0x080080e4                __subdf3
                0x080080e8                __aeabi_dadd
                0x080080e8                __adddf3
                0x08008360                __floatunsidf
                0x08008360                __aeabi_ui2d
                0x08008380                __floatsidf
                0x08008380                __aeabi_i2d
                0x080083a4                __aeabi_f2d
                0x080083a4                __extendsfdf2
                0x080083e0                __floatundidf
                0x080083e0                __aeabi_ul2d
                0x080083f0                __floatdidf
                0x080083f0                __aeabi_l2d
 .text          0x0800844c      0x424 c:/users/nandi/appdata/roaming/arduino15/packages/arduino/tools/arm-none-eabi-gcc/4.8.3-2014q1/bin/../lib/gcc/arm-none-eabi/4.8.3/armv7-m\libgcc.a(_arm_muldivdf3.o)
                0x0800844c                __aeabi_dmul
                0x0800844c                __muldf3
                0x080086a0                __divdf3
                0x080086a0                __aeabi_ddiv
 .text          0x08008870       0xa0 c:/users/nandi/appdata/roaming/arduino15/packages/arduino/tools/arm-none-eabi-gcc/4.8.3-2014q1/bin/../lib/gcc/arm-none-eabi/4.8.3/armv7-m\libgcc.a(_arm_truncdfsf2.o)
                0x08008870                __truncdfsf2
                0x08008870                __aeabi_d2f
 .text          0x08008910      0x21c c:/users/nandi/appdata/roaming/arduino15/packages/arduino/tools/arm-none-eabi-gcc/4.8.3-2014q1/bin/../lib/gcc/arm-none-eabi/4.8.3/armv7-m\libgcc.a(_arm_addsubsf3.o)
                0x08008910                __aeabi_frsub
                0x08008918                __subsf3
                0x08008918                __aeabi_fsub
                0x0800891c                __aeabi_fadd
                0x0800891c                __addsf3
                0x08008a7c                __aeabi_ui2f
                0x08008a7c                __floatunsisf
                0x08008a84                __aeabi_i2f
                0x08008a84                __floatsisf
                0x08008aa0                __aeabi_ul2f
                0x08008aa0                __floatundisf
                0x08008ab0                __aeabi_l2f
                0x08008ab0                __floatdisf
 .text          0x08008b2c      0x2a0 c:/users/nandi/appdata/roaming/arduino15/packages/arduino/tools/arm-none-eabi-gcc/4.8.3-2014q1/bin/../lib/gcc/arm-none-eabi/4.8.3/armv7-m\libgcc.a(_arm_muldivsf3.o)
                0x08008b2c                __mulsf3
                0x08008b2c                __aeabi_fmul
                0x08008c94                __aeabi_fdiv
                0x08008c94                __divsf3
 .text          0x08008dcc       0xec c:/users/nandi/appdata/roaming/arduino15/packages/arduino/tools/arm-none-eabi-gcc/4.8.3-2014q1/bin/../lib/gcc/arm-none-eabi/4.8.3/armv7-m\libgcc.a(_arm_cmpsf2.o)
                0x08008dcc                __gesf2
                0x08008dcc                __gtsf2
                0x08008dd4                __lesf2
                0x08008dd4                __ltsf2
                0x08008ddc                __nesf2
                0x08008ddc                __eqsf2
                0x08008ddc                __cmpsf2
                0x08008e3c                __aeabi_cfrcmple
                0x08008e44                __aeabi_cfcmpeq
                0x08008e44                __aeabi_cfcmple
                0x08008e54                __aeabi_fcmpeq
                0x08008e68                __aeabi_fcmplt
                0x08008e7c                __aeabi_fcmple
                0x08008e90                __aeabi_fcmpge
                0x08008ea4                __aeabi_fcmpgt
 .text          0x08008eb8       0x4c c:/users/nandi/appdata/roaming/arduino15/packages/arduino/tools/arm-none-eabi-gcc/4.8.3-2014q1/bin/../lib/gcc/arm-none-eabi/4.8.3/armv7-m\libgcc.a(_arm_fixsfsi.o)
                0x08008eb8                __aeabi_f2iz
                0x08008eb8                __fixsfsi
 .text          0x08008f04       0x2c c:/users/nandi/appdata/roaming/arduino15/packages/arduino/tools/arm-none-eabi-gcc/4.8.3-2014q1/bin/../lib/gcc/arm-none-eabi/4.8.3/armv7-m\libgcc.a(_aeabi_uldivmod.o)
                0x08008f04                __aeabi_uldivmod
 .text          0x08008f30       0x60 c:/users/nandi/appdata/roaming/arduino15/packages/arduino/tools/arm-none-eabi-gcc/4.8.3-2014q1/bin/../lib/gcc/arm-none-eabi/4.8.3/armv7-m\libgcc.a(bpabi.o)
                0x08008f30                __gnu_ldivmod_helper
                0x08008f60                __gnu_uldivmod_helper
 .text          0x08008f90        0x4 c:/users/nandi/appdata/roaming/arduino15/packages/arduino/tools/arm-none-eabi-gcc/4.8.3-2014q1/bin/../lib/gcc/arm-none-eabi/4.8.3/armv7-m\libgcc.a(_dvmd_tls.o)
                0x08008f90                __aeabi_idiv0
                0x08008f90                __aeabi_ldiv0
 .text          0x08008f94      0x2a0 c:/users/nandi/appdata/roaming/arduino15/packages/arduino/tools/arm-none-eabi-gcc/4.8.3-2014q1/bin/../lib/gcc/arm-none-eabi/4.8.3/armv7-m\libgcc.a(_divdi3.o)
                0x08008f94                __divdi3
 .text          0x08009234      0x290 c:/users/nandi/appdata/roaming/arduino15/packages/arduino/tools/arm-none-eabi-gcc/4.8.3-2014q1/bin/../lib/gcc/arm-none-eabi/4.8.3/armv7-m\libgcc.a(_udivdi3.o)
                0x08009234                __udivdi3
 .text.exit     0x080094c4       0x20 c:/users/nandi/appdata/roaming/arduino15/packages/arduino/tools/arm-none-eabi-gcc/4.8.3-2014q1/bin/../lib/gcc/arm-none-eabi/4.8.3/../../../../arm-none-eabi/lib/armv7-m\libc.a(lib_a-exit.o)
                0x080094c4                exit
 .text.__libc_init_array
                0x080094e4       0x50 c:/users/nandi/appdata/roaming/arduino15/packages/arduino/tools/arm-none-eabi-gcc/4.8.3-2014q1/bin/../lib/gcc/arm-none-eabi/4.8.3/../../../../arm-none-eabi/lib/armv7-m\libc.a(lib_a-init.o)
                0x080094e4                __libc_init_array
 .text.memset   0x08009534       0x94 c:/users/nandi/appdata/roaming/arduino15/packages/arduino/tools/arm-none-eabi-gcc/4.8.3-2014q1/bin/../lib/gcc/arm-none-eabi/4.8.3/../../../../arm-none-eabi/lib/armv7-m\libc.a(lib_a-memset.o)
                0x08009534                memset
 .text.rand     0x080095c8       0x40 c:/users/nandi/appdata/roaming/arduino15/packages/arduino/tools/arm-none-eabi-gcc/4.8.3-2014q1/bin/../lib/gcc/arm-none-eabi/4.8.3/../../../../arm-none-eabi/lib/armv7-m\libc.a(lib_a-rand.o)
                0x080095c8                rand
 .text.strlen   0x08009608       0x60 c:/users/nandi/appdata/roaming/arduino15/packages/arduino/tools/arm-none-eabi-gcc/4.8.3-2014q1/bin/../lib/gcc/arm-none-eabi/4.8.3/../../../../arm-none-eabi/lib/armv7-m\libc.a(lib_a-strlen.o)
                0x08009608                strlen
 .text.startup.register_fini
                0x08009668       0x14 c:/users/nandi/appdata/roaming/arduino15/packages/arduino/tools/arm-none-eabi-gcc/4.8.3-2014q1/bin/../lib/gcc/arm-none-eabi/4.8.3/../../../../arm-none-eabi/lib/armv7-m\libc.a(lib_a-__call_atexit.o)
 .text.__call_exitprocs
                0x0800967c       0xf0 c:/users/nandi/appdata/roaming/arduino15/packages/arduino/tools/arm-none-eabi-gcc/4.8.3-2014q1/bin/../lib/gcc/arm-none-eabi/4.8.3/../../../../arm-none-eabi/lib/armv7-m\libc.a(lib_a-__call_atexit.o)
                0x0800967c                __call_exitprocs
 .text.atexit   0x0800976c        0xc c:/users/nandi/appdata/roaming/arduino15/packages/arduino/tools/arm-none-eabi-gcc/4.8.3-2014q1/bin/../lib/gcc/arm-none-eabi/4.8.3/../../../../arm-none-eabi/lib/armv7-m\libc.a(lib_a-atexit.o)
                0x0800976c                atexit
 .text.__libc_fini_array
                0x08009778       0x30 c:/users/nandi/appdata/roaming/arduino15/packages/arduino/tools/arm-none-eabi-gcc/4.8.3-2014q1/bin/../lib/gcc/arm-none-eabi/4.8.3/../../../../arm-none-eabi/lib/armv7-m\libc.a(lib_a-fini.o)
                0x08009778                __libc_fini_array
 .text.__register_exitproc
                0x080097a8       0xa8 c:/users/nandi/appdata/roaming/arduino15/packages/arduino/tools/arm-none-eabi-gcc/4.8.3-2014q1/bin/../lib/gcc/arm-none-eabi/4.8.3/../../../../arm-none-eabi/lib/armv7-m\libc.a(lib_a-__atexit.o)
                0x080097a8                __register_exitproc
 .text._exit    0x08009850        0x4 c:/users/nandi/appdata/roaming/arduino15/packages/arduino/tools/arm-none-eabi-gcc/4.8.3-2014q1/bin/../lib/gcc/arm-none-eabi/4.8.3/../../../../arm-none-eabi/lib/armv7-m\libnosys.a(_exit.o)
                0x08009850                _exit
 *(.plt)
 *(.gnu.warning)
 *(.glue_7t)
 .glue_7t       0x00000000        0x0 linker stubs
 *(.glue_7)
 .glue_7        0x00000000        0x0 linker stubs
 *(.vfp11_veneer)
 .vfp11_veneer  0x00000000        0x0 linker stubs
 *(.ARM.extab* .gnu.linkonce.armextab.*)
 *(.gcc_except_table)
 *(.eh_frame_hdr)
 *(.eh_frame)
 .eh_frame      0x08009854        0x0 c:/users/nandi/appdata/roaming/arduino15/packages/arduino/tools/arm-none-eabi-gcc/4.8.3-2014q1/bin/../lib/gcc/arm-none-eabi/4.8.3/armv7-m/crtbegin.o
                0x08009854                . = ALIGN (0x4)
 *(.init)
 .init          0x08009854        0x4 c:/users/nandi/appdata/roaming/arduino15/packages/arduino/tools/arm-none-eabi-gcc/4.8.3-2014q1/bin/../lib/gcc/arm-none-eabi/4.8.3/armv7-m/crti.o
                0x08009854                _init
 .init          0x08009858        0x8 c:/users/nandi/appdata/roaming/arduino15/packages/arduino/tools/arm-none-eabi-gcc/4.8.3-2014q1/bin/../lib/gcc/arm-none-eabi/4.8.3/armv7-m/crtn.o
                0x08009860                . = ALIGN (0x4)
                0x08009860                __preinit_array_start = .
 *(.preinit_array)
                0x08009860                __preinit_array_end = .
                0x08009860                . = ALIGN (0x4)
                0x08009860                __init_array_start = .
 *(SORT(.init_array.*))
 .init_array.00000
                0x08009860        0x4 c:/users/nandi/appdata/roaming/arduino15/packages/arduino/tools/arm-none-eabi-gcc/4.8.3-2014q1/bin/../lib/gcc/arm-none-eabi/4.8.3/../../../../arm-none-eabi/lib/armv7-m\libc.a(lib_a-__call_atexit.o)
 .init_array.00101
                0x08009864        0x4 C:\Users\Nandi\AppData\Local\V.Micro\Arduino\Builds\sharpmem\Arduino_STM32_mapleMini/core.a(main.cpp.o)
 *(.init_array)
 .init_array    0x08009868        0x4 c:/users/nandi/appdata/roaming/arduino15/packages/arduino/tools/arm-none-eabi-gcc/4.8.3-2014q1/bin/../lib/gcc/arm-none-eabi/4.8.3/armv7-m/crtbegin.o
 .init_array    0x0800986c        0x4 C:\Users\Nandi\AppData\Local\V.Micro\Arduino\Builds\sharpmem\Arduino_STM32_mapleMini\sharpmem.cpp.o
 .init_array    0x08009870        0x4 C:\Users\Nandi\AppData\Local\V.Micro\Arduino\Builds\sharpmem\Arduino_STM32_mapleMini\SPI\SPI.cpp.o
 .init_array    0x08009874        0x4 C:\Users\Nandi\AppData\Local\V.Micro\Arduino\Builds\sharpmem\Arduino_STM32_mapleMini/core.a(usb_serial.cpp.o)
 .init_array    0x08009878        0x4 C:\Users\Nandi\AppData\Local\V.Micro\Arduino\Builds\sharpmem\Arduino_STM32_mapleMini/core.a(board.cpp.o)
                0x0800987c                __init_array_end = .
                0x0800987c                . = ALIGN (0x4)
 *crtbegin.o(.ctors)
 *(EXCLUDE_FILE(*crtend.o) .ctors)
 *(SORT(.ctors.*))
 *crtend.o(.ctors)
                0x0800987c                . = ALIGN (0x4)
 *(.fini)
 .fini          0x0800987c        0x4 c:/users/nandi/appdata/roaming/arduino15/packages/arduino/tools/arm-none-eabi-gcc/4.8.3-2014q1/bin/../lib/gcc/arm-none-eabi/4.8.3/armv7-m/crti.o
                0x0800987c                _fini
 .fini          0x08009880        0x8 c:/users/nandi/appdata/roaming/arduino15/packages/arduino/tools/arm-none-eabi-gcc/4.8.3-2014q1/bin/../lib/gcc/arm-none-eabi/4.8.3/armv7-m/crtn.o
                0x08009888                . = ALIGN (0x4)
                0x08009888                __fini_array_start = .
 *(.fini_array)
 .fini_array    0x08009888        0x4 c:/users/nandi/appdata/roaming/arduino15/packages/arduino/tools/arm-none-eabi-gcc/4.8.3-2014q1/bin/../lib/gcc/arm-none-eabi/4.8.3/armv7-m/crtbegin.o
 *(SORT(.fini_array.*))
                0x0800988c                __fini_array_end = .
 *crtbegin.o(.dtors)
 *(EXCLUDE_FILE(*crtend.o) .dtors)
 *(SORT(.dtors.*))
 *crtend.o(.dtors)

.v4_bx          0x0800988c        0x0
 .v4_bx         0x00000000        0x0 linker stubs

.iplt           0x0800988c        0x0
 .iplt          0x00000000        0x0 c:/users/nandi/appdata/roaming/arduino15/packages/arduino/tools/arm-none-eabi-gcc/4.8.3-2014q1/bin/../lib/gcc/arm-none-eabi/4.8.3/armv7-m/crtbegin.o

.text.align     0x0800988c        0x4
                0x08009890                . = ALIGN (0x8)
 *fill*         0x0800988c        0x4 
                0x08009890                __text_end__ = .
                0x08009890                __exidx_start = .

.ARM.exidx      0x08009890        0x8
 *(.ARM.exidx* .gnu.linkonce.armexidx.*)
 .ARM.exidx     0x08009890        0x8 C:\Users\Nandi\AppData\Local\V.Micro\Arduino\Builds\sharpmem\Arduino_STM32_mapleMini/core.a(start.S.o)
 .ARM.exidx     0x08009898        0x0 c:/users/nandi/appdata/roaming/arduino15/packages/arduino/tools/arm-none-eabi-gcc/4.8.3-2014q1/bin/../lib/gcc/arm-none-eabi/4.8.3/armv7-m\libgcc.a(_divdi3.o)
                                  0x8 (size before relaxing)
 .ARM.exidx     0x08009898        0x0 c:/users/nandi/appdata/roaming/arduino15/packages/arduino/tools/arm-none-eabi-gcc/4.8.3-2014q1/bin/../lib/gcc/arm-none-eabi/4.8.3/armv7-m\libgcc.a(_udivdi3.o)
                                  0x8 (size before relaxing)
                0x08009898                __exidx_end = .

.data           0x20000c00      0x760 load address 0x08009898
                0x20000c00                __data_start__ = .
                0x20000c00        0x4 LONG 0x0
                0x20000c08                . = ALIGN (0x8)
 *fill*         0x20000c04        0x4 
 *(.got.plt)
 *(.got)
 *(.data .data.* .gnu.linkonce.d.*)
 .data.dma1     0x20000c08       0x40 C:\Users\Nandi\AppData\Local\V.Micro\Arduino\Builds\sharpmem\Arduino_STM32_mapleMini/core.a(dma_f1.c.o)
 .data.DMA1     0x20000c48        0x4 C:\Users\Nandi\AppData\Local\V.Micro\Arduino\Builds\sharpmem\Arduino_STM32_mapleMini/core.a(dma_f1.c.o)
                0x20000c48                DMA1
 .data.reset_regs.4413
                0x20000c4c        0x8 C:\Users\Nandi\AppData\Local\V.Micro\Arduino\Builds\sharpmem\Arduino_STM32_mapleMini/core.a(rcc_f1.c.o)
 .data.enable_regs.4409
                0x20000c54        0xc C:\Users\Nandi\AppData\Local\V.Micro\Arduino\Builds\sharpmem\Arduino_STM32_mapleMini/core.a(rcc_f1.c.o)
 .data.enable_regs.4422
                0x20000c60        0xc C:\Users\Nandi\AppData\Local\V.Micro\Arduino\Builds\sharpmem\Arduino_STM32_mapleMini/core.a(rcc_f1.c.o)
 .data.spi1     0x20000c6c        0x8 C:\Users\Nandi\AppData\Local\V.Micro\Arduino\Builds\sharpmem\Arduino_STM32_mapleMini/core.a(spi_f1.c.o)
 .data.spi2     0x20000c74        0x8 C:\Users\Nandi\AppData\Local\V.Micro\Arduino\Builds\sharpmem\Arduino_STM32_mapleMini/core.a(spi_f1.c.o)
 .data.SPI1     0x20000c7c        0x4 C:\Users\Nandi\AppData\Local\V.Micro\Arduino\Builds\sharpmem\Arduino_STM32_mapleMini/core.a(spi_f1.c.o)
                0x20000c7c                SPI1
 .data.SPI2     0x20000c80        0x4 C:\Users\Nandi\AppData\Local\V.Micro\Arduino\Builds\sharpmem\Arduino_STM32_mapleMini/core.a(spi_f1.c.o)
                0x20000c80                SPI2
 .data.timer3   0x20000c84       0x24 C:\Users\Nandi\AppData\Local\V.Micro\Arduino\Builds\sharpmem\Arduino_STM32_mapleMini/core.a(timer.c.o)
                0x20000c84                timer3
 .data.timer4   0x20000ca8       0x24 C:\Users\Nandi\AppData\Local\V.Micro\Arduino\Builds\sharpmem\Arduino_STM32_mapleMini/core.a(timer.c.o)
                0x20000ca8                timer4
 .data.timer1   0x20000ccc       0x28 C:\Users\Nandi\AppData\Local\V.Micro\Arduino\Builds\sharpmem\Arduino_STM32_mapleMini/core.a(timer.c.o)
                0x20000ccc                timer1
 .data.timer2   0x20000cf4       0x24 C:\Users\Nandi\AppData\Local\V.Micro\Arduino\Builds\sharpmem\Arduino_STM32_mapleMini/core.a(timer.c.o)
                0x20000cf4                timer2
 .data._ZN6wirish4privL8pll_dataE
                0x20000d18        0x4 C:\Users\Nandi\AppData\Local\V.Micro\Arduino\Builds\sharpmem\Arduino_STM32_mapleMini/core.a(boards_setup.cpp.o)
 .data._ZN6wirish4priv9w_adc_smpE
                0x20000d1c        0x1 C:\Users\Nandi\AppData\Local\V.Micro\Arduino\Builds\sharpmem\Arduino_STM32_mapleMini/core.a(boards_setup.cpp.o)
                0x20000d1c                wirish::priv::w_adc_smp
 *fill*         0x20000d1d        0x1 
 .data._ZN6wirish4priv9w_adc_preE
                0x20000d1e        0x2 C:\Users\Nandi\AppData\Local\V.Micro\Arduino\Builds\sharpmem\Arduino_STM32_mapleMini/core.a(boards_setup.cpp.o)
                0x20000d1e                wirish::priv::w_adc_pre
 .data._ZN6wirish4priv15w_board_pll_cfgE
                0x20000d20        0x8 C:\Users\Nandi\AppData\Local\V.Micro\Arduino\Builds\sharpmem\Arduino_STM32_mapleMini/core.a(boards_setup.cpp.o)
                0x20000d20                wirish::priv::w_board_pll_cfg
 .data.adc2     0x20000d28        0x8 C:\Users\Nandi\AppData\Local\V.Micro\Arduino\Builds\sharpmem\Arduino_STM32_mapleMini/core.a(adc_f1.c.o)
                0x20000d28                adc2
 .data.adc1     0x20000d30        0x8 C:\Users\Nandi\AppData\Local\V.Micro\Arduino\Builds\sharpmem\Arduino_STM32_mapleMini/core.a(adc_f1.c.o)
                0x20000d30                adc1
 .data.ADC2     0x20000d38        0x4 C:\Users\Nandi\AppData\Local\V.Micro\Arduino\Builds\sharpmem\Arduino_STM32_mapleMini/core.a(adc_f1.c.o)
                0x20000d38                ADC2
 .data.ADC1     0x20000d3c        0x4 C:\Users\Nandi\AppData\Local\V.Micro\Arduino\Builds\sharpmem\Arduino_STM32_mapleMini/core.a(adc_f1.c.o)
                0x20000d3c                ADC1
 .data.gpioa    0x20000d40        0x8 C:\Users\Nandi\AppData\Local\V.Micro\Arduino\Builds\sharpmem\Arduino_STM32_mapleMini/core.a(gpio_f1.c.o)
                0x20000d40                gpioa
 .data.gpiob    0x20000d48        0x8 C:\Users\Nandi\AppData\Local\V.Micro\Arduino\Builds\sharpmem\Arduino_STM32_mapleMini/core.a(gpio_f1.c.o)
                0x20000d48                gpiob
 .data.gpioc    0x20000d50        0x8 C:\Users\Nandi\AppData\Local\V.Micro\Arduino\Builds\sharpmem\Arduino_STM32_mapleMini/core.a(gpio_f1.c.o)
                0x20000d50                gpioc
 .data.gpiod    0x20000d58        0x8 C:\Users\Nandi\AppData\Local\V.Micro\Arduino\Builds\sharpmem\Arduino_STM32_mapleMini/core.a(gpio_f1.c.o)
                0x20000d58                gpiod
 .data.USART1   0x20000d60        0x4 C:\Users\Nandi\AppData\Local\V.Micro\Arduino\Builds\sharpmem\Arduino_STM32_mapleMini/core.a(usart_f1.c.o)
                0x20000d60                USART1
 .data.USART2   0x20000d64        0x4 C:\Users\Nandi\AppData\Local\V.Micro\Arduino\Builds\sharpmem\Arduino_STM32_mapleMini/core.a(usart_f1.c.o)
                0x20000d64                USART2
 .data.USART3   0x20000d68        0x4 C:\Users\Nandi\AppData\Local\V.Micro\Arduino\Builds\sharpmem\Arduino_STM32_mapleMini/core.a(usart_f1.c.o)
                0x20000d68                USART3
 .data.usart1   0x20000d6c       0x50 C:\Users\Nandi\AppData\Local\V.Micro\Arduino\Builds\sharpmem\Arduino_STM32_mapleMini/core.a(usart_f1.c.o)
 .data.usart2   0x20000dbc       0x50 C:\Users\Nandi\AppData\Local\V.Micro\Arduino\Builds\sharpmem\Arduino_STM32_mapleMini/core.a(usart_f1.c.o)
 .data.usart3   0x20000e0c       0x50 C:\Users\Nandi\AppData\Local\V.Micro\Arduino\Builds\sharpmem\Arduino_STM32_mapleMini/core.a(usart_f1.c.o)
 .data.USBLIB   0x20000e5c        0x4 C:\Users\Nandi\AppData\Local\V.Micro\Arduino\Builds\sharpmem\Arduino_STM32_mapleMini/core.a(usb.c.o)
                0x20000e5c                USBLIB
 .data.usblib   0x20000e60       0x10 C:\Users\Nandi\AppData\Local\V.Micro\Arduino\Builds\sharpmem\Arduino_STM32_mapleMini/core.a(usb.c.o)
 .data.Config_Descriptor
                0x20000e70        0x8 C:\Users\Nandi\AppData\Local\V.Micro\Arduino\Builds\sharpmem\Arduino_STM32_mapleMini/core.a(usb_cdcacm.c.o)
 .data.Device_Property
                0x20000e78       0x30 C:\Users\Nandi\AppData\Local\V.Micro\Arduino\Builds\sharpmem\Arduino_STM32_mapleMini/core.a(usb_cdcacm.c.o)
                0x20000e78                Device_Property
 .data.ep_int_in
                0x20000ea8       0x1c C:\Users\Nandi\AppData\Local\V.Micro\Arduino\Builds\sharpmem\Arduino_STM32_mapleMini/core.a(usb_cdcacm.c.o)
 .data.String_Descriptor
                0x20000ec4       0x18 C:\Users\Nandi\AppData\Local\V.Micro\Arduino\Builds\sharpmem\Arduino_STM32_mapleMini/core.a(usb_cdcacm.c.o)
 .data.ep_int_out
                0x20000edc       0x1c C:\Users\Nandi\AppData\Local\V.Micro\Arduino\Builds\sharpmem\Arduino_STM32_mapleMini/core.a(usb_cdcacm.c.o)
 .data.line_coding
                0x20000ef8        0x7 C:\Users\Nandi\AppData\Local\V.Micro\Arduino\Builds\sharpmem\Arduino_STM32_mapleMini/core.a(usb_cdcacm.c.o)
 *fill*         0x20000eff        0x1 
 .data.User_Standard_Requests
                0x20000f00       0x24 C:\Users\Nandi\AppData\Local\V.Micro\Arduino\Builds\sharpmem\Arduino_STM32_mapleMini/core.a(usb_cdcacm.c.o)
                0x20000f00                User_Standard_Requests
 .data.Device_Descriptor
                0x20000f24        0x8 C:\Users\Nandi\AppData\Local\V.Micro\Arduino\Builds\sharpmem\Arduino_STM32_mapleMini/core.a(usb_cdcacm.c.o)
 .data.Device_Table
                0x20000f2c        0x2 C:\Users\Nandi\AppData\Local\V.Micro\Arduino\Builds\sharpmem\Arduino_STM32_mapleMini/core.a(usb_cdcacm.c.o)
                0x20000f2c                Device_Table
 *fill*         0x20000f2e        0x2 
 .data.impure_data
                0x20000f30      0x428 c:/users/nandi/appdata/roaming/arduino15/packages/arduino/tools/arm-none-eabi-gcc/4.8.3-2014q1/bin/../lib/gcc/arm-none-eabi/4.8.3/../../../../arm-none-eabi/lib/armv7-m\libc.a(lib_a-impure.o)
 .data._impure_ptr
                0x20001358        0x4 c:/users/nandi/appdata/roaming/arduino15/packages/arduino/tools/arm-none-eabi-gcc/4.8.3-2014q1/bin/../lib/gcc/arm-none-eabi/4.8.3/../../../../arm-none-eabi/lib/armv7-m\libc.a(lib_a-impure.o)
                0x20001358                _impure_ptr
                0x20001360                . = ALIGN (0x8)
 *fill*         0x2000135c        0x4 
                0x20001360                __data_end__ = .

.jcr            0x20001360        0x0 load address 0x08009ff8
 .jcr           0x20001360        0x0 c:/users/nandi/appdata/roaming/arduino15/packages/arduino/tools/arm-none-eabi-gcc/4.8.3-2014q1/bin/../lib/gcc/arm-none-eabi/4.8.3/armv7-m/crtbegin.o

.igot.plt       0x20001360        0x0 load address 0x08009ff8
 .igot.plt      0x00000000        0x0 c:/users/nandi/appdata/roaming/arduino15/packages/arduino/tools/arm-none-eabi-gcc/4.8.3-2014q1/bin/../lib/gcc/arm-none-eabi/4.8.3/armv7-m/crtbegin.o

.rodata         0x08009ff8      0x914
 *(.rodata .rodata.* .gnu.linkonce.r.*)
 .rodata.str1.1
                0x08009ff8       0x14 C:\Users\Nandi\AppData\Local\V.Micro\Arduino\Builds\sharpmem\Arduino_STM32_mapleMini\sharpmem.cpp.o
 *fill*         0x0800a00c        0x4 
 .rodata._ZTV12Adafruit_GFX
                0x0800a010       0x38 C:\Users\Nandi\AppData\Local\V.Micro\Arduino\Builds\sharpmem\Arduino_STM32_mapleMini\Adafruit-GFX-Library-master\Adafruit_GFX.cpp.o
                0x0800a010                vtable for Adafruit_GFX
 .rodata._ZL4font
                0x0800a048      0x500 C:\Users\Nandi\AppData\Local\V.Micro\Arduino\Builds\sharpmem\Arduino_STM32_mapleMini\Adafruit-GFX-Library-master\Adafruit_GFX.cpp.o
 .rodata.str1.1
                0x0800a548        0xb C:\Users\Nandi\AppData\Local\V.Micro\Arduino\Builds\sharpmem\Arduino_STM32_mapleMini\SharpMemSTM32.cpp.o
 *fill*         0x0800a553        0x5 
 .rodata._ZTV8SharpMem
                0x0800a558       0x38 C:\Users\Nandi\AppData\Local\V.Micro\Arduino\Builds\sharpmem\Arduino_STM32_mapleMini\SharpMemSTM32.cpp.o
                0x0800a558                vtable for SharpMem
 .rodata.rcc_dev_table
                0x0800a590       0x5c C:\Users\Nandi\AppData\Local\V.Micro\Arduino\Builds\sharpmem\Arduino_STM32_mapleMini/core.a(rcc_f1.c.o)
                0x0800a590                rcc_dev_table
 .rodata.masks.4418
                0x0800a5ec       0x14 C:\Users\Nandi\AppData\Local\V.Micro\Arduino\Builds\sharpmem\Arduino_STM32_mapleMini/core.a(rcc_f1.c.o)
 .rodata._ZTV9USBSerial
                0x0800a600       0x28 C:\Users\Nandi\AppData\Local\V.Micro\Arduino\Builds\sharpmem\Arduino_STM32_mapleMini/core.a(usb_serial.cpp.o)
                0x0800a600                vtable for USBSerial
 .rodata.PIN_MAP
                0x0800a628      0x220 C:\Users\Nandi\AppData\Local\V.Micro\Arduino\Builds\sharpmem\Arduino_STM32_mapleMini/core.a(board.cpp.o)
                0x0800a628                PIN_MAP
 .rodata.GPIOB  0x0800a848        0x4 C:\Users\Nandi\AppData\Local\V.Micro\Arduino\Builds\sharpmem\Arduino_STM32_mapleMini/core.a(gpio_f1.c.o)
                0x0800a848                GPIOB
 .rodata.usbVcomDescriptor_iProduct
                0x0800a84c        0xc C:\Users\Nandi\AppData\Local\V.Micro\Arduino\Builds\sharpmem\Arduino_STM32_mapleMini/core.a(usb_cdcacm.c.o)
 .rodata.usbVcomDescriptor_iManufacturer
                0x0800a858       0x12 C:\Users\Nandi\AppData\Local\V.Micro\Arduino\Builds\sharpmem\Arduino_STM32_mapleMini/core.a(usb_cdcacm.c.o)
 .rodata.usbVcomDescriptor_Config
                0x0800a86a       0x43 C:\Users\Nandi\AppData\Local\V.Micro\Arduino\Builds\sharpmem\Arduino_STM32_mapleMini/core.a(usb_cdcacm.c.o)
 .rodata.usbVcomDescriptor_Device
                0x0800a8ad       0x12 C:\Users\Nandi\AppData\Local\V.Micro\Arduino\Builds\sharpmem\Arduino_STM32_mapleMini/core.a(usb_cdcacm.c.o)
 .rodata.usbVcomDescriptor_LangID
                0x0800a8bf        0x4 C:\Users\Nandi\AppData\Local\V.Micro\Arduino\Builds\sharpmem\Arduino_STM32_mapleMini/core.a(usb_cdcacm.c.o)
 *fill*         0x0800a8c3        0x5 
 .rodata._ZTV14HardwareSerial
                0x0800a8c8       0x28 C:\Users\Nandi\AppData\Local\V.Micro\Arduino\Builds\sharpmem\Arduino_STM32_mapleMini/core.a(HardwareSerial.cpp.o)
                0x0800a8c8                vtable for HardwareSerial
 .rodata.str1.4
                0x0800a8f0        0x4 c:/users/nandi/appdata/roaming/arduino15/packages/arduino/tools/arm-none-eabi-gcc/4.8.3-2014q1/bin/../lib/gcc/arm-none-eabi/4.8.3/../../../../arm-none-eabi/lib/armv7-m\libc.a(lib_a-impure.o)
 .rodata._global_impure_ptr
                0x0800a8f4        0x4 c:/users/nandi/appdata/roaming/arduino15/packages/arduino/tools/arm-none-eabi-gcc/4.8.3-2014q1/bin/../lib/gcc/arm-none-eabi/4.8.3/../../../../arm-none-eabi/lib/armv7-m\libc.a(lib_a-impure.o)
                0x0800a8f4                _global_impure_ptr
 *(.USER_FLASH)
 .USER_FLASH    0x0800a8f8       0x10 C:\Users\Nandi\AppData\Local\V.Micro\Arduino\Builds\sharpmem\Arduino_STM32_mapleMini\SPI\SPI.cpp.o
                0x0800a908                . = ALIGN (0x4)
                0x0800a908                _lm_rom_img_cfgp = .
                0x0800a908        0x4 LONG 0x8009898 LOADADDR (.data)
                0x20004810                _lm_heap_start = DEFINED (_lm_heap_start)?_lm_heap_start:_end
                0x20005000                _lm_heap_end = DEFINED (_lm_heap_end)?_lm_heap_end:__msp_init

.rel.dyn        0x0800a90c        0x0
 .rel.iplt      0x00000000        0x0 c:/users/nandi/appdata/roaming/arduino15/packages/arduino/tools/arm-none-eabi-gcc/4.8.3-2014q1/bin/../lib/gcc/arm-none-eabi/4.8.3/armv7-m/crtbegin.o

.bss            0x20001360     0x34b0
                0x20001360                . = ALIGN (0x8)
                0x20001360                __bss_start__ = .
 *(.bss .bss.* .gnu.linkonce.b.*)
 .bss           0x20001360       0x1c c:/users/nandi/appdata/roaming/arduino15/packages/arduino/tools/arm-none-eabi-gcc/4.8.3-2014q1/bin/../lib/gcc/arm-none-eabi/4.8.3/armv7-m/crtbegin.o
 .bss.balls     0x2000137c      0x258 C:\Users\Nandi\AppData\Local\V.Micro\Arduino\Builds\sharpmem\Arduino_STM32_mapleMini\sharpmem.cpp.o
                0x2000137c                balls
 .bss.tm1       0x200015d4        0x4 C:\Users\Nandi\AppData\Local\V.Micro\Arduino\Builds\sharpmem\Arduino_STM32_mapleMini\sharpmem.cpp.o
                0x200015d4                tm1
 .bss.tx        0x200015d8        0x2 C:\Users\Nandi\AppData\Local\V.Micro\Arduino\Builds\sharpmem\Arduino_STM32_mapleMini\sharpmem.cpp.o
                0x200015d8                tx
 *fill*         0x200015da        0x2 
 .bss.display   0x200015dc       0x34 C:\Users\Nandi\AppData\Local\V.Micro\Arduino\Builds\sharpmem\Arduino_STM32_mapleMini\sharpmem.cpp.o
                0x200015dc                display
 .bss.SPI       0x20001610       0x3c C:\Users\Nandi\AppData\Local\V.Micro\Arduino\Builds\sharpmem\Arduino_STM32_mapleMini\SPI\SPI.cpp.o
                0x20001610                SPI
 .bss._ZZN8SharpMem7refreshEvE5start
                0x2000164c        0x1 C:\Users\Nandi\AppData\Local\V.Micro\Arduino\Builds\sharpmem\Arduino_STM32_mapleMini\SharpMemSTM32.cpp.o
 .bss.sharpmem_buffer
                0x2000164d     0x2ee0 C:\Users\Nandi\AppData\Local\V.Micro\Arduino\Builds\sharpmem\Arduino_STM32_mapleMini\SharpMemSTM32.cpp.o
                0x2000164d                sharpmem_buffer
 *fill*         0x2000452d        0x3 
 .bss.systick_user_callback
                0x20004530        0x4 C:\Users\Nandi\AppData\Local\V.Micro\Arduino\Builds\sharpmem\Arduino_STM32_mapleMini/core.a(systick.c.o)
 .bss.Serial    0x20004534       0x10 C:\Users\Nandi\AppData\Local\V.Micro\Arduino\Builds\sharpmem\Arduino_STM32_mapleMini/core.a(usb_serial.cpp.o)
                0x20004534                Serial
 .bss._ZL11reset_state
                0x20004544        0x1 C:\Users\Nandi\AppData\Local\V.Micro\Arduino\Builds\sharpmem\Arduino_STM32_mapleMini/core.a(usb_serial.cpp.o)
 *fill*         0x20004545        0x3 
 .bss.Serial1   0x20004548       0x18 C:\Users\Nandi\AppData\Local\V.Micro\Arduino\Builds\sharpmem\Arduino_STM32_mapleMini/core.a(board.cpp.o)
                0x20004548                Serial1
 .bss.Serial2   0x20004560       0x18 C:\Users\Nandi\AppData\Local\V.Micro\Arduino\Builds\sharpmem\Arduino_STM32_mapleMini/core.a(board.cpp.o)
                0x20004560                Serial2
 .bss.Serial3   0x20004578       0x18 C:\Users\Nandi\AppData\Local\V.Micro\Arduino\Builds\sharpmem\Arduino_STM32_mapleMini/core.a(board.cpp.o)
                0x20004578                Serial3
 .bss.usart1_rb
                0x20004590        0xc C:\Users\Nandi\AppData\Local\V.Micro\Arduino\Builds\sharpmem\Arduino_STM32_mapleMini/core.a(usart_f1.c.o)
 .bss.usart2_rb
                0x2000459c        0xc C:\Users\Nandi\AppData\Local\V.Micro\Arduino\Builds\sharpmem\Arduino_STM32_mapleMini/core.a(usart_f1.c.o)
 .bss.usart3_rb
                0x200045a8        0xc C:\Users\Nandi\AppData\Local\V.Micro\Arduino\Builds\sharpmem\Arduino_STM32_mapleMini/core.a(usart_f1.c.o)
 .bss.n_unsent_bytes
                0x200045b4        0x4 C:\Users\Nandi\AppData\Local\V.Micro\Arduino\Builds\sharpmem\Arduino_STM32_mapleMini/core.a(usb_cdcacm.c.o)
 .bss.vcomBufferRx
                0x200045b8      0x200 C:\Users\Nandi\AppData\Local\V.Micro\Arduino\Builds\sharpmem\Arduino_STM32_mapleMini/core.a(usb_cdcacm.c.o)
 .bss.rx_hook   0x200047b8        0x4 C:\Users\Nandi\AppData\Local\V.Micro\Arduino\Builds\sharpmem\Arduino_STM32_mapleMini/core.a(usb_cdcacm.c.o)
 .bss.rx_offset
                0x200047bc        0x4 C:\Users\Nandi\AppData\Local\V.Micro\Arduino\Builds\sharpmem\Arduino_STM32_mapleMini/core.a(usb_cdcacm.c.o)
 .bss.line_dtr_rts
                0x200047c0        0x1 C:\Users\Nandi\AppData\Local\V.Micro\Arduino\Builds\sharpmem\Arduino_STM32_mapleMini/core.a(usb_cdcacm.c.o)
 .bss.transmitting
                0x200047c1        0x1 C:\Users\Nandi\AppData\Local\V.Micro\Arduino\Builds\sharpmem\Arduino_STM32_mapleMini/core.a(usb_cdcacm.c.o)
 *fill*         0x200047c2        0x2 
 .bss.n_unread_bytes
                0x200047c4        0x4 C:\Users\Nandi\AppData\Local\V.Micro\Arduino\Builds\sharpmem\Arduino_STM32_mapleMini/core.a(usb_cdcacm.c.o)
 .bss.iface_setup_hook
                0x200047c8        0x4 C:\Users\Nandi\AppData\Local\V.Micro\Arduino\Builds\sharpmem\Arduino_STM32_mapleMini/core.a(usb_cdcacm.c.o)
 .bss.Data_Mul_MaxPacketSize
                0x200047cc        0x1 C:\Users\Nandi\AppData\Local\V.Micro\Arduino\Builds\sharpmem\Arduino_STM32_mapleMini/core.a(usb_core.c.o)
                0x200047cc                Data_Mul_MaxPacketSize
 *(COMMON)
 *fill*         0x200047cd        0x3 
 COMMON         0x200047d0        0x4 C:\Users\Nandi\AppData\Local\V.Micro\Arduino\Builds\sharpmem\Arduino_STM32_mapleMini/core.a(systick.c.o)
                0x200047d0                systick_uptime_millis
 COMMON         0x200047d4        0x6 C:\Users\Nandi\AppData\Local\V.Micro\Arduino\Builds\sharpmem\Arduino_STM32_mapleMini/core.a(usb.c.o)
                0x200047d4                SaveRState
                0x200047d6                SaveTState
                0x200047d8                ResumeS
 COMMON         0x200047da        0x2 C:\Users\Nandi\AppData\Local\V.Micro\Arduino\Builds\sharpmem\Arduino_STM32_mapleMini/core.a(usb_core.c.o)
                0x200047da                StatusInfo
 COMMON         0x200047dc       0x32 C:\Users\Nandi\AppData\Local\V.Micro\Arduino\Builds\sharpmem\Arduino_STM32_mapleMini/core.a(usb_init.c.o)
                0x200047dc                SaveState
                0x200047e0                pProperty
                0x200047e4                EPindex
                0x200047e8                Device_Info
                0x20004804                pUser_Standard_Requests
                0x20004808                pInformation
                0x2000480c                wInterrupt_Mask
                0x20004810                . = ALIGN (0x8)
 *fill*         0x2000480e        0x2 
                0x20004810                __bss_end__ = .
                0x20004810                _end = __bss_end__

.stab
 *(.stab)

.stabstr
 *(.stabstr)

.debug
 *(.debug)

.line
 *(.line)

.debug_srcinfo
 *(.debug_srcinfo)

.debug_sfnames
 *(.debug_sfnames)

.debug_aranges  0x00000000     0x10c0
 *(.debug_aranges)
 .debug_aranges
                0x00000000       0x30 C:\Users\Nandi\AppData\Local\V.Micro\Arduino\Builds\sharpmem\Arduino_STM32_mapleMini\sharpmem.cpp.o
 .debug_aranges
                0x00000030      0x118 C:\Users\Nandi\AppData\Local\V.Micro\Arduino\Builds\sharpmem\Arduino_STM32_mapleMini\SPI\SPI.cpp.o
 .debug_aranges
                0x00000148       0x18 C:\Users\Nandi\AppData\Local\V.Micro\Arduino\Builds\sharpmem\Arduino_STM32_mapleMini\Adafruit-GFX-Library-master\glcdfont.c.o
 .debug_aranges
                0x00000160      0x160 C:\Users\Nandi\AppData\Local\V.Micro\Arduino\Builds\sharpmem\Arduino_STM32_mapleMini\Adafruit-GFX-Library-master\Adafruit_GFX.cpp.o
 .debug_aranges
                0x000002c0       0x58 C:\Users\Nandi\AppData\Local\V.Micro\Arduino\Builds\sharpmem\Arduino_STM32_mapleMini\SharpMemSTM32.cpp.o
 .debug_aranges
                0x00000318       0x20 C:\Users\Nandi\AppData\Local\V.Micro\Arduino\Builds\sharpmem\Arduino_STM32_mapleMini/core.a(exc.S.o)
 .debug_aranges
                0x00000338       0x20 C:\Users\Nandi\AppData\Local\V.Micro\Arduino\Builds\sharpmem\Arduino_STM32_mapleMini/core.a(isrs.S.o)
 .debug_aranges
                0x00000358       0x28 C:\Users\Nandi\AppData\Local\V.Micro\Arduino\Builds\sharpmem\Arduino_STM32_mapleMini/core.a(dma.c.o)
 .debug_aranges
                0x00000380       0xa8 C:\Users\Nandi\AppData\Local\V.Micro\Arduino\Builds\sharpmem\Arduino_STM32_mapleMini/core.a(dma_f1.c.o)
 .debug_aranges
                0x00000428       0x48 C:\Users\Nandi\AppData\Local\V.Micro\Arduino\Builds\sharpmem\Arduino_STM32_mapleMini/core.a(rcc.c.o)
 .debug_aranges
                0x00000470       0x48 C:\Users\Nandi\AppData\Local\V.Micro\Arduino\Builds\sharpmem\Arduino_STM32_mapleMini/core.a(rcc_f1.c.o)
 .debug_aranges
                0x000004b8       0x70 C:\Users\Nandi\AppData\Local\V.Micro\Arduino\Builds\sharpmem\Arduino_STM32_mapleMini/core.a(spi.c.o)
 .debug_aranges
                0x00000528       0x28 C:\Users\Nandi\AppData\Local\V.Micro\Arduino\Builds\sharpmem\Arduino_STM32_mapleMini/core.a(spi_f1.c.o)
 .debug_aranges
                0x00000550       0x40 C:\Users\Nandi\AppData\Local\V.Micro\Arduino\Builds\sharpmem\Arduino_STM32_mapleMini/core.a(systick.c.o)
 .debug_aranges
                0x00000590       0x90 C:\Users\Nandi\AppData\Local\V.Micro\Arduino\Builds\sharpmem\Arduino_STM32_mapleMini/core.a(timer.c.o)
 .debug_aranges
                0x00000620       0x50 C:\Users\Nandi\AppData\Local\V.Micro\Arduino\Builds\sharpmem\Arduino_STM32_mapleMini/core.a(util.c.o)
 .debug_aranges
                0x00000670       0x20 C:\Users\Nandi\AppData\Local\V.Micro\Arduino\Builds\sharpmem\Arduino_STM32_mapleMini/core.a(cxxabi-compat.cpp.o)
 .debug_aranges
                0x00000690       0x28 C:\Users\Nandi\AppData\Local\V.Micro\Arduino\Builds\sharpmem\Arduino_STM32_mapleMini/core.a(main.cpp.o)
 .debug_aranges
                0x000006b8       0xf0 C:\Users\Nandi\AppData\Local\V.Micro\Arduino\Builds\sharpmem\Arduino_STM32_mapleMini/core.a(Print.cpp.o)
 .debug_aranges
                0x000007a8       0xc0 C:\Users\Nandi\AppData\Local\V.Micro\Arduino\Builds\sharpmem\Arduino_STM32_mapleMini/core.a(usb_serial.cpp.o)
 .debug_aranges
                0x00000868       0x28 C:\Users\Nandi\AppData\Local\V.Micro\Arduino\Builds\sharpmem\Arduino_STM32_mapleMini/core.a(wirish_digital.cpp.o)
 .debug_aranges
                0x00000890       0x28 C:\Users\Nandi\AppData\Local\V.Micro\Arduino\Builds\sharpmem\Arduino_STM32_mapleMini/core.a(wirish_time.cpp.o)
 .debug_aranges
                0x000008b8       0x20 C:\Users\Nandi\AppData\Local\V.Micro\Arduino\Builds\sharpmem\Arduino_STM32_mapleMini/core.a(wirish_digital_f1.cpp.o)
 .debug_aranges
                0x000008d8       0x20 C:\Users\Nandi\AppData\Local\V.Micro\Arduino\Builds\sharpmem\Arduino_STM32_mapleMini/core.a(start.S.o)
 .debug_aranges
                0x000008f8       0x20 C:\Users\Nandi\AppData\Local\V.Micro\Arduino\Builds\sharpmem\Arduino_STM32_mapleMini/core.a(start_c.c.o)
 .debug_aranges
                0x00000918       0x28 C:\Users\Nandi\AppData\Local\V.Micro\Arduino\Builds\sharpmem\Arduino_STM32_mapleMini/core.a(board.cpp.o)
 .debug_aranges
                0x00000940       0x40 C:\Users\Nandi\AppData\Local\V.Micro\Arduino\Builds\sharpmem\Arduino_STM32_mapleMini/core.a(boards.cpp.o)
 .debug_aranges
                0x00000980       0x40 C:\Users\Nandi\AppData\Local\V.Micro\Arduino\Builds\sharpmem\Arduino_STM32_mapleMini/core.a(boards_setup.cpp.o)
 .debug_aranges
                0x000009c0       0x38 C:\Users\Nandi\AppData\Local\V.Micro\Arduino\Builds\sharpmem\Arduino_STM32_mapleMini/core.a(adc.c.o)
 .debug_aranges
                0x000009f8       0x40 C:\Users\Nandi\AppData\Local\V.Micro\Arduino\Builds\sharpmem\Arduino_STM32_mapleMini/core.a(adc_f1.c.o)
 .debug_aranges
                0x00000a38       0x20 C:\Users\Nandi\AppData\Local\V.Micro\Arduino\Builds\sharpmem\Arduino_STM32_mapleMini/core.a(flash.c.o)
 .debug_aranges
                0x00000a58       0x40 C:\Users\Nandi\AppData\Local\V.Micro\Arduino\Builds\sharpmem\Arduino_STM32_mapleMini/core.a(gpio_f1.c.o)
 .debug_aranges
                0x00000a98       0x28 C:\Users\Nandi\AppData\Local\V.Micro\Arduino\Builds\sharpmem\Arduino_STM32_mapleMini/core.a(iwdg.c.o)
 .debug_aranges